Archive member included to satisfy reference by file (symbol)

/Applications/STM32CubeIDE.app/Contents/Eclipse/plugins/com.st.stm32cube.ide.mcu.externaltools.gnu-tools-for-stm32.12.3.rel1.macos64_1.1.0.202410301201/tools/bin/../lib/gcc/arm-none-eabi/12.3.1/../../../../arm-none-eabi/lib/thumb/v7e-m+fp/hard/libc_nano.a(libc_a-exit.o)
                              /Applications/STM32CubeIDE.app/Contents/Eclipse/plugins/com.st.stm32cube.ide.mcu.externaltools.gnu-tools-for-stm32.12.3.rel1.macos64_1.1.0.202410301201/tools/bin/../lib/gcc/arm-none-eabi/12.3.1/../../../../arm-none-eabi/lib/thumb/v7e-m+fp/hard/crt0.o (exit)
/Applications/STM32CubeIDE.app/Contents/Eclipse/plugins/com.st.stm32cube.ide.mcu.externaltools.gnu-tools-for-stm32.12.3.rel1.macos64_1.1.0.202410301201/tools/bin/../lib/gcc/arm-none-eabi/12.3.1/../../../../arm-none-eabi/lib/thumb/v7e-m+fp/hard/libc_nano.a(libc_a-findfp.o)
                              /Applications/STM32CubeIDE.app/Contents/Eclipse/plugins/com.st.stm32cube.ide.mcu.externaltools.gnu-tools-for-stm32.12.3.rel1.macos64_1.1.0.202410301201/tools/bin/../lib/gcc/arm-none-eabi/12.3.1/../../../../arm-none-eabi/lib/thumb/v7e-m+fp/hard/libc_nano.a(libc_a-exit.o) (__stdio_exit_handler)
/Applications/STM32CubeIDE.app/Contents/Eclipse/plugins/com.st.stm32cube.ide.mcu.externaltools.gnu-tools-for-stm32.12.3.rel1.macos64_1.1.0.202410301201/tools/bin/../lib/gcc/arm-none-eabi/12.3.1/../../../../arm-none-eabi/lib/thumb/v7e-m+fp/hard/libc_nano.a(libc_a-fwalk.o)
                              /Applications/STM32CubeIDE.app/Contents/Eclipse/plugins/com.st.stm32cube.ide.mcu.externaltools.gnu-tools-for-stm32.12.3.rel1.macos64_1.1.0.202410301201/tools/bin/../lib/gcc/arm-none-eabi/12.3.1/../../../../arm-none-eabi/lib/thumb/v7e-m+fp/hard/libc_nano.a(libc_a-findfp.o) (_fwalk_sglue)
/Applications/STM32CubeIDE.app/Contents/Eclipse/plugins/com.st.stm32cube.ide.mcu.externaltools.gnu-tools-for-stm32.12.3.rel1.macos64_1.1.0.202410301201/tools/bin/../lib/gcc/arm-none-eabi/12.3.1/../../../../arm-none-eabi/lib/thumb/v7e-m+fp/hard/libc_nano.a(libc_a-memset.o)
                              /Applications/STM32CubeIDE.app/Contents/Eclipse/plugins/com.st.stm32cube.ide.mcu.externaltools.gnu-tools-for-stm32.12.3.rel1.macos64_1.1.0.202410301201/tools/bin/../lib/gcc/arm-none-eabi/12.3.1/../../../../arm-none-eabi/lib/thumb/v7e-m+fp/hard/crt0.o (memset)
/Applications/STM32CubeIDE.app/Contents/Eclipse/plugins/com.st.stm32cube.ide.mcu.externaltools.gnu-tools-for-stm32.12.3.rel1.macos64_1.1.0.202410301201/tools/bin/../lib/gcc/arm-none-eabi/12.3.1/../../../../arm-none-eabi/lib/thumb/v7e-m+fp/hard/libc_nano.a(libc_a-impure.o)
                              /Applications/STM32CubeIDE.app/Contents/Eclipse/plugins/com.st.stm32cube.ide.mcu.externaltools.gnu-tools-for-stm32.12.3.rel1.macos64_1.1.0.202410301201/tools/bin/../lib/gcc/arm-none-eabi/12.3.1/../../../../arm-none-eabi/lib/thumb/v7e-m+fp/hard/libc_nano.a(libc_a-findfp.o) (_impure_data)
/Applications/STM32CubeIDE.app/Contents/Eclipse/plugins/com.st.stm32cube.ide.mcu.externaltools.gnu-tools-for-stm32.12.3.rel1.macos64_1.1.0.202410301201/tools/bin/../lib/gcc/arm-none-eabi/12.3.1/../../../../arm-none-eabi/lib/thumb/v7e-m+fp/hard/libc_nano.a(libc_a-errno.o)
                              ./Core/Src/syscalls.o (__errno)
/Applications/STM32CubeIDE.app/Contents/Eclipse/plugins/com.st.stm32cube.ide.mcu.externaltools.gnu-tools-for-stm32.12.3.rel1.macos64_1.1.0.202410301201/tools/bin/../lib/gcc/arm-none-eabi/12.3.1/../../../../arm-none-eabi/lib/thumb/v7e-m+fp/hard/libc_nano.a(libc_a-init.o)
                              /Applications/STM32CubeIDE.app/Contents/Eclipse/plugins/com.st.stm32cube.ide.mcu.externaltools.gnu-tools-for-stm32.12.3.rel1.macos64_1.1.0.202410301201/tools/bin/../lib/gcc/arm-none-eabi/12.3.1/../../../../arm-none-eabi/lib/thumb/v7e-m+fp/hard/crt0.o (__libc_init_array)
/Applications/STM32CubeIDE.app/Contents/Eclipse/plugins/com.st.stm32cube.ide.mcu.externaltools.gnu-tools-for-stm32.12.3.rel1.macos64_1.1.0.202410301201/tools/bin/../lib/gcc/arm-none-eabi/12.3.1/../../../../arm-none-eabi/lib/thumb/v7e-m+fp/hard/libc_nano.a(libc_a-lock.o)
                              /Applications/STM32CubeIDE.app/Contents/Eclipse/plugins/com.st.stm32cube.ide.mcu.externaltools.gnu-tools-for-stm32.12.3.rel1.macos64_1.1.0.202410301201/tools/bin/../lib/gcc/arm-none-eabi/12.3.1/../../../../arm-none-eabi/lib/thumb/v7e-m+fp/hard/libc_nano.a(libc_a-findfp.o) (__retarget_lock_init_recursive)
/Applications/STM32CubeIDE.app/Contents/Eclipse/plugins/com.st.stm32cube.ide.mcu.externaltools.gnu-tools-for-stm32.12.3.rel1.macos64_1.1.0.202410301201/tools/bin/../lib/gcc/arm-none-eabi/12.3.1/../../../../arm-none-eabi/lib/thumb/v7e-m+fp/hard/libc_nano.a(libc_a-mallocr.o)
[...]
Memory Configuration

Name             Origin             Length             Attributes
RAM              0x20000000         0x0000c000         xrw
RAM2             0x10000000         0x00004000         xrw
FLASH            0x08000000         0x00040000         xr
*default*        0x00000000         0xffffffff

Linker script and memory map

LOAD /Applications/STM32CubeIDE.app/Contents/Eclipse/plugins/com.st.stm32cube.ide.mcu.externaltools.gnu-tools-for-stm32.12.3.rel1.macos64_1.1.0.202410301201/tools/bin/../lib/gcc/arm-none-eabi/12.3.1/thumb/v7e-m+fp/hard/crti.o
LOAD /Applications/STM32CubeIDE.app/Contents/Eclipse/plugins/com.st.stm32cube.ide.mcu.externaltools.gnu-tools-for-stm32.12.3.rel1.macos64_1.1.0.202410301201/tools/bin/../lib/gcc/arm-none-eabi/12.3.1/thumb/v7e-m+fp/hard/crtbegin.o
LOAD /Applications/STM32CubeIDE.app/Contents/Eclipse/plugins/com.st.stm32cube.ide.mcu.externaltools.gnu-tools-for-stm32.12.3.rel1.macos64_1.1.0.202410301201/tools/bin/../lib/gcc/arm-none-eabi/12.3.1/../../../../arm-none-eabi/lib/thumb/v7e-m+fp/hard/crt0.o
LOAD ./Core/Src/main.o
LOAD ./Core/Src/stm32l4xx_hal_msp.o
LOAD ./Core/Src/stm32l4xx_it.o
LOAD ./Core/Src/syscalls.o
LOAD ./Core/Src/sysmem.o
LOAD ./Core/Src/system_stm32l4xx.o
LOAD ./Core/Startup/startup_stm32l432kcux.o
LOAD ./Drivers/STM32L4xx_HAL_Driver/Src/stm32l4xx_hal.o
LOAD ./Drivers/STM32L4xx_HAL_Driver/Src/stm32l4xx_hal_cortex.o
LOAD ./Drivers/STM32L4xx_HAL_Driver/Src/stm32l4xx_hal_dma.o
LOAD ./Drivers/STM32L4xx_HAL_Driver/Src/stm32l4xx_hal_dma_ex.o
LOAD ./Drivers/STM32L4xx_HAL_Driver/Src/stm32l4xx_hal_exti.o
LOAD ./Drivers/STM32L4xx_HAL_Driver/Src/stm32l4xx_hal_flash.o
LOAD ./Drivers/STM32L4xx_HAL_Driver/Src/stm32l4xx_hal_flash_ex.o
LOAD ./Drivers/STM32L4xx_HAL_Driver/Src/stm32l4xx_hal_flash_ramfunc.o
LOAD ./Drivers/STM32L4xx_HAL_Driver/Src/stm32l4xx_hal_gpio.o
LOAD ./Drivers/STM32L4xx_HAL_Driver/Src/stm32l4xx_hal_i2c.o
LOAD ./Drivers/STM32L4xx_HAL_Driver/Src/stm32l4xx_hal_i2c_ex.o
LOAD ./Drivers/STM32L4xx_HAL_Driver/Src/stm32l4xx_hal_pwr.o
LOAD ./Drivers/STM32L4xx_HAL_Driver/Src/stm32l4xx_hal_pwr_ex.o
LOAD ./Drivers/STM32L4xx_HAL_Driver/Src/stm32l4xx_hal_rcc.o
LOAD ./Drivers/STM32L4xx_HAL_Driver/Src/stm32l4xx_hal_rcc_ex.o
LOAD ./Drivers/STM32L4xx_HAL_Driver/Src/stm32l4xx_hal_spi.o
LOAD ./Drivers/STM32L4xx_HAL_Driver/Src/stm32l4xx_hal_spi_ex.o
LOAD ./Drivers/STM32L4xx_HAL_Driver/Src/stm32l4xx_hal_uart.o
LOAD ./Drivers/STM32L4xx_HAL_Driver/Src/stm32l4xx_hal_uart_ex.o
LOAD ./FATFS/App/fatfs.o
LOAD ./FATFS/Target/user_diskio.o
LOAD ./FATFS/Target/user_diskio_spi.o
LOAD ./Middlewares/Third_Party/FatFs/src/diskio.o
LOAD ./Middlewares/Third_Party/FatFs/src/ff.o
LOAD ./Middlewares/Third_Party/FatFs/src/ff_gen_drv.o
LOAD ./Middlewares/Third_Party/FatFs/src/option/syscall.o
START GROUP
LOAD /Applications/STM32CubeIDE.app/Contents/Eclipse/plugins/com.st.stm32cube.ide.mcu.externaltools.gnu-tools-for-stm32.12.3.rel1.macos64_1.1.0.202410301201/tools/bin/../lib/gcc/arm-none-eabi/12.3.1/../../../../arm-none-eabi/lib/thumb/v7e-m+fp/hard/libstdc++_nano.a
LOAD /Applications/STM32CubeIDE.app/Contents/Eclipse/plugins/com.st.stm32cube.ide.mcu.externaltools.gnu-tools-for-stm32.12.3.rel1.macos64_1.1.0.202410301201/tools/bin/../lib/gcc/arm-none-eabi/12.3.1/../../../../arm-none-eabi/lib/thumb/v7e-m+fp/hard/libsupc++_nano.a
END GROUP
LOAD /Applications/STM32CubeIDE.app/Contents/Eclipse/plugins/com.st.stm32cube.ide.mcu.externaltools.gnu-tools-for-stm32.12.3.rel1.macos64_1.1.0.202410301201/tools/bin/../lib/gcc/arm-none-eabi/12.3.1/../../../../arm-none-eabi/lib/thumb/v7e-m+fp/hard/libstdc++_nano.a
LOAD /Applications/STM32CubeIDE.app/Contents/Eclipse/plugins/com.st.stm32cube.ide.mcu.externaltools.gnu-tools-for-stm32.12.3.rel1.macos64_1.1.0.202410301201/tools/bin/../lib/gcc/arm-none-eabi/12.3.1/../../../../arm-none-eabi/lib/thumb/v7e-m+fp/hard/libm.a
LOAD /Applications/STM32CubeIDE.app/Contents/Eclipse/plugins/com.st.stm32cube.ide.mcu.externaltools.gnu-tools-for-stm32.12.3.rel1.macos64_1.1.0.202410301201/tools/bin/../lib/gcc/arm-none-eabi/12.3.1/../../../../arm-none-eabi/lib/thumb/v7e-m+fp/hard/libc_nano.a
START GROUP
LOAD /Applications/STM32CubeIDE.app/Contents/Eclipse/plugins/com.st.stm32cube.ide.mcu.externaltools.gnu-tools-for-stm32.12.3.rel1.macos64_1.1.0.202410301201/tools/bin/../lib/gcc/arm-none-eabi/12.3.1/thumb/v7e-m+fp/hard/libgcc.a
LOAD /Applications/STM32CubeIDE.app/Contents/Eclipse/plugins/com.st.stm32cube.ide.mcu.externaltools.gnu-tools-for-stm32.12.3.rel1.macos64_1.1.0.202410301201/tools/bin/../lib/gcc/arm-none-eabi/12.3.1/../../../../arm-none-eabi/lib/thumb/v7e-m+fp/hard/libc_nano.a
END GROUP
START GROUP
LOAD /Applications/STM32CubeIDE.app/Contents/Eclipse/plugins/com.st.stm32cube.ide.mcu.externaltools.gnu-tools-for-stm32.12.3.rel1.macos64_1.1.0.202410301201/tools/bin/../lib/gcc/arm-none-eabi/12.3.1/thumb/v7e-m+fp/hard/libgcc.a
LOAD /Applications/STM32CubeIDE.app/Contents/Eclipse/plugins/com.st.stm32cube.ide.mcu.externaltools.gnu-tools-for-stm32.12.3.rel1.macos64_1.1.0.202410301201/tools/bin/../lib/gcc/arm-none-eabi/12.3.1/../../../../arm-none-eabi/lib/thumb/v7e-m+fp/hard/libc_nano.a
LOAD /Applications/STM32CubeIDE.app/Contents/Eclipse/plugins/com.st.stm32cube.ide.mcu.externaltools.gnu-tools-for-stm32.12.3.rel1.macos64_1.1.0.202410301201/tools/bin/../lib/gcc/arm-none-eabi/12.3.1/../../../../arm-none-eabi/lib/thumb/v7e-m+fp/hard/libnosys.a
END GROUP
START GROUP
LOAD /Applications/STM32CubeIDE.app/Contents/Eclipse/plugins/com.st.stm32cube.ide.mcu.externaltools.gnu-tools-for-stm32.12.3.rel1.macos64_1.1.0.202410301201/tools/bin/../lib/gcc/arm-none-eabi/12.3.1/thumb/v7e-m+fp/hard/libgcc.a
LOAD /Applications/STM32CubeIDE.app/Contents/Eclipse/plugins/com.st.stm32cube.ide.mcu.externaltools.gnu-tools-for-stm32.12.3.rel1.macos64_1.1.0.202410301201/tools/bin/../lib/gcc/arm-none-eabi/12.3.1/../../../../arm-none-eabi/lib/thumb/v7e-m+fp/hard/libc_nano.a
LOAD /Applications/STM32CubeIDE.app/Contents/Eclipse/plugins/com.st.stm32cube.ide.mcu.externaltools.gnu-tools-for-stm32.12.3.rel1.macos64_1.1.0.202410301201/tools/bin/../lib/gcc/arm-none-eabi/12.3.1/../../../../arm-none-eabi/lib/thumb/v7e-m+fp/hard/libnosys.a
END GROUP
LOAD /Applications/STM32CubeIDE.app/Contents/Eclipse/plugins/com.st.stm32cube.ide.mcu.externaltools.gnu-tools-for-stm32.12.3.rel1.macos64_1.1.0.202410301201/tools/bin/../lib/gcc/arm-none-eabi/12.3.1/thumb/v7e-m+fp/hard/crtend.o
LOAD /Applications/STM32CubeIDE.app/Contents/Eclipse/plugins/com.st.stm32cube.ide.mcu.externaltools.gnu-tools-for-stm32.12.3.rel1.macos64_1.1.0.202410301201/tools/bin/../lib/gcc/arm-none-eabi/12.3.1/thumb/v7e-m+fp/hard/crtn.o
                0x2000c000                        _estack = (ORIGIN (RAM) + LENGTH (RAM))
                0x00000200                        _Min_Heap_Size = 0x200
                0x00000400                        _Min_Stack_Size = 0x400

.isr_vector     0x08000000      0x18c
                0x08000000                        . = ALIGN (0x4)
 *(.isr_vector)
 .isr_vector    0x08000000      0x18c ./Core/Startup/startup_stm32l432kcux.o
                0x08000000                g_pfnVectors
                0x0800018c                        . = ALIGN (0x4)

.text           0x0800018c     0x64bc
                0x0800018c                        . = ALIGN (0x4)
 *(.text)
 .text          0x0800018c       0x40 /Applications/STM32CubeIDE.app/Contents/Eclipse/plugins/com.st.stm32cube.ide.mcu.externaltools.gnu-tools-for-stm32.12.3.rel1.macos64_1.1.0.202410301201/tools/bin/../lib/gcc/arm-none-eabi/12.3.1/thumb/v7e-m+fp/hard/crtbegin.o
 .text          0x080001cc       0x30 /Applications/STM32CubeIDE.app/Contents/Eclipse/plugins/com.st.stm32cube.ide.mcu.externaltools.gnu-tools-for-stm32.12.3.rel1.macos64_1.1.0.202410301201/tools/bin/../lib/gcc/arm-none-eabi/12.3.1/thumb/v7e-m+fp/hard/libgcc.a(_aeabi_uldivmod.o)
                0x080001cc                __aeabi_uldivmod
 .text          0x080001fc      0x2bc /Applications/STM32CubeIDE.app/Contents/Eclipse/plugins/com.st.stm32cube.ide.mcu.externaltools.gnu-tools-for-stm32.12.3.rel1.macos64_1.1.0.202410301201/tools/bin/../lib/gcc/arm-none-eabi/12.3.1/thumb/v7e-m+fp/hard/libgcc.a(_udivmoddi4.o)
                0x080001fc                __udivmoddi4
 .text          0x080004b8        0x4 /Applications/STM32CubeIDE.app/Contents/Eclipse/plugins/com.st.stm32cube.ide.mcu.externaltools.gnu-tools-for-stm32.12.3.rel1.macos64_1.1.0.202410301201/tools/bin/../lib/gcc/arm-none-eabi/12.3.1/thumb/v7e-m+fp/hard/libgcc.a(_dvmd_tls.o)
                0x080004b8                __aeabi_ldiv0
                0x080004b8                __aeabi_idiv0
 *(.text*)
 .text.main     0x080004bc       0xac ./Core/Src/main.o
                0x080004bc                main
 .text.SystemClock_Config
                0x08000568       0xc4 ./Core/Src/main.o
                0x08000568                SystemClock_Config
 .text.MX_SPI1_Init
                0x0800062c       0x7c ./Core/Src/main.o
 .text.MX_USART2_UART_Init
                0x080006a8       0x60 ./Core/Src/main.o
 .text.MX_GPIO_Init
                0x08000708       0xa0 ./Core/Src/main.o
 .text.Error_Handler
                0x080007a8        0xc ./Core/Src/main.o
                0x080007a8                Error_Handler
 .text.HAL_MspInit
                0x080007b4       0x48 ./Core/Src/stm32l4xx_hal_msp.o
                0x080007b4                HAL_MspInit
 .text.HAL_SPI_MspInit
                0x080007fc       0x88 ./Core/Src/stm32l4xx_hal_msp.o
                0x080007fc                HAL_SPI_MspInit
 .text.HAL_UART_MspInit
                0x08000884       0xd4 ./Core/Src/stm32l4xx_hal_msp.o
                0x08000884                HAL_UART_MspInit
 .text.NMI_Handler
                0x08000958        0x8 ./Core/Src/stm32l4xx_it.o
                0x08000958                NMI_Handler
 .text.HardFault_Handler
                0x08000960        0x8 ./Core/Src/stm32l4xx_it.o
                0x08000960                HardFault_Handler
 .text.MemManage_Handler
                0x08000968        0x8 ./Core/Src/stm32l4xx_it.o
                0x08000968                MemManage_Handler
 .text.BusFault_Handler
                0x08000970        0x8 ./Core/Src/stm32l4xx_it.o
                0x08000970                BusFault_Handler
 .text.UsageFault_Handler
                0x08000978        0x8 ./Core/Src/stm32l4xx_it.o
                0x08000978                UsageFault_Handler
 .text.SVC_Handler
                0x08000980        0xe ./Core/Src/stm32l4xx_it.o
                0x08000980                SVC_Handler
 .text.DebugMon_Handler
                0x0800098e        0xe ./Core/Src/stm32l4xx_it.o
                0x0800098e                DebugMon_Handler
 .text.PendSV_Handler
                0x0800099c        0xe ./Core/Src/stm32l4xx_it.o
                0x0800099c                PendSV_Handler
 .text.SysTick_Handler
                0x080009aa        0xc ./Core/Src/stm32l4xx_it.o
                0x080009aa                SysTick_Handler
 *fill*         0x080009b6        0x2 
 .text.SystemInit
                0x080009b8       0x24 ./Core/Src/system_stm32l4xx.o
                0x080009b8                SystemInit
 .text.Reset_Handler
                0x080009dc       0x50 ./Core/Startup/startup_stm32l432kcux.o
                0x080009dc                Reset_Handler
 .text.Default_Handler
                0x08000a2c        0x2 ./Core/Startup/startup_stm32l432kcux.o
                0x08000a2c                TIM1_BRK_TIM15_IRQHandler
                0x08000a2c                EXTI2_IRQHandler
                0x08000a2c                TIM1_CC_IRQHandler
                0x08000a2c                TSC_IRQHandler
                0x08000a2c                TAMP_STAMP_IRQHandler
                0x08000a2c                EXTI3_IRQHandler
                0x08000a2c                LPTIM2_IRQHandler
                0x08000a2c                I2C3_ER_IRQHandler
                0x08000a2c                EXTI0_IRQHandler
                0x08000a2c                CAN1_RX0_IRQHandler
                0x08000a2c                FPU_IRQHandler
                0x08000a2c                TIM1_UP_TIM16_IRQHandler
                0x08000a2c                SPI1_IRQHandler
                0x08000a2c                TIM6_DAC_IRQHandler
                0x08000a2c                DMA2_Channel2_IRQHandler
                0x08000a2c                DMA1_Channel4_IRQHandler
                0x08000a2c                ADC1_IRQHandler
                0x08000a2c                DMA1_Channel7_IRQHandler
                0x08000a2c                CAN1_RX1_IRQHandler
                0x08000a2c                DMA2_Channel1_IRQHandler
                0x08000a2c                QUADSPI_IRQHandler
                0x08000a2c                I2C1_EV_IRQHandler
                0x08000a2c                DMA1_Channel6_IRQHandler
                0x08000a2c                DMA2_Channel4_IRQHandler
                0x08000a2c                RCC_IRQHandler
                0x08000a2c                TIM1_TRG_COM_IRQHandler
                0x08000a2c                DMA1_Channel1_IRQHandler
                0x08000a2c                Default_Handler
                0x08000a2c                DMA2_Channel7_IRQHandler
                0x08000a2c                EXTI15_10_IRQHandler
                0x08000a2c                TIM7_IRQHandler
                0x08000a2c                I2C3_EV_IRQHandler
                0x08000a2c                USB_IRQHandler
                0x08000a2c                EXTI9_5_IRQHandler
                0x08000a2c                RTC_WKUP_IRQHandler
                0x08000a2c                PVD_PVM_IRQHandler
                0x08000a2c                CAN1_TX_IRQHandler
                0x08000a2c                DMA2_Channel5_IRQHandler
                0x08000a2c                CRS_IRQHandler
                0x08000a2c                DMA1_Channel5_IRQHandler
                0x08000a2c                EXTI4_IRQHandler
                0x08000a2c                RNG_IRQHandler
                0x08000a2c                DMA1_Channel3_IRQHandler
                0x08000a2c                COMP_IRQHandler
                0x08000a2c                WWDG_IRQHandler
                0x08000a2c                LPUART1_IRQHandler
                0x08000a2c                DMA2_Channel6_IRQHandler
                0x08000a2c                TIM2_IRQHandler
                0x08000a2c                EXTI1_IRQHandler
                0x08000a2c                USART2_IRQHandler
                0x08000a2c                DMA1_Channel2_IRQHandler
                0x08000a2c                CAN1_SCE_IRQHandler
                0x08000a2c                FLASH_IRQHandler
                0x08000a2c                USART1_IRQHandler
                0x08000a2c                SPI3_IRQHandler
                0x08000a2c                I2C1_ER_IRQHandler
                0x08000a2c                SWPMI1_IRQHandler
                0x08000a2c                LPTIM1_IRQHandler
                0x08000a2c                SAI1_IRQHandler
                0x08000a2c                DMA2_Channel3_IRQHandler
                0x08000a2c                RTC_Alarm_IRQHandler
 .text.HAL_Init
                0x08000a2e       0x30 ./Drivers/STM32L4xx_HAL_Driver/Src/stm32l4xx_hal.o
                0x08000a2e                HAL_Init
 *fill*         0x08000a5e        0x2 
 .text.HAL_InitTick
                0x08000a60       0x78 ./Drivers/STM32L4xx_HAL_Driver/Src/stm32l4xx_hal.o
                0x08000a60                HAL_InitTick
 .text.HAL_IncTick
                0x08000ad8       0x28 ./Drivers/STM32L4xx_HAL_Driver/Src/stm32l4xx_hal.o
                0x08000ad8                HAL_IncTick
 .text.HAL_GetTick
                0x08000b00       0x18 ./Drivers/STM32L4xx_HAL_Driver/Src/stm32l4xx_hal.o
                0x08000b00                HAL_GetTick
 .text.HAL_Delay
                0x08000b18       0x48 ./Drivers/STM32L4xx_HAL_Driver/Src/stm32l4xx_hal.o
                0x08000b18                HAL_Delay
 .text.__NVIC_SetPriorityGrouping
                0x08000b60       0x48 ./Drivers/STM32L4xx_HAL_Driver/Src/stm32l4xx_hal_cortex.o
 .text.__NVIC_GetPriorityGrouping
                0x08000ba8       0x1c ./Drivers/STM32L4xx_HAL_Driver/Src/stm32l4xx_hal_cortex.o
 .text.__NVIC_SetPriority
                0x08000bc4       0x54 ./Drivers/STM32L4xx_HAL_Driver/Src/stm32l4xx_hal_cortex.o
 .text.NVIC_EncodePriority
                0x08000c18       0x66 ./Drivers/STM32L4xx_HAL_Driver/Src/stm32l4xx_hal_cortex.o
 *fill*         0x08000c7e        0x2 
 .text.SysTick_Config
                0x08000c80       0x44 ./Drivers/STM32L4xx_HAL_Driver/Src/stm32l4xx_hal_cortex.o
 .text.HAL_NVIC_SetPriorityGrouping
                0x08000cc4       0x16 ./Drivers/STM32L4xx_HAL_Driver/Src/stm32l4xx_hal_cortex.o
                0x08000cc4                HAL_NVIC_SetPriorityGrouping
 .text.HAL_NVIC_SetPriority
                0x08000cda       0x38 ./Drivers/STM32L4xx_HAL_Driver/Src/stm32l4xx_hal_cortex.o
                0x08000cda                HAL_NVIC_SetPriority
 .text.HAL_SYSTICK_Config
                0x08000d12       0x18 ./Drivers/STM32L4xx_HAL_Driver/Src/stm32l4xx_hal_cortex.o
                0x08000d12                HAL_SYSTICK_Config
 *fill*         0x08000d2a        0x2 
 .text.HAL_GPIO_Init
                0x08000d2c      0x2d4 ./Drivers/STM32L4xx_HAL_Driver/Src/stm32l4xx_hal_gpio.o
                0x08000d2c                HAL_GPIO_Init
 .text.HAL_GPIO_WritePin
                0x08001000       0x30 ./Drivers/STM32L4xx_HAL_Driver/Src/stm32l4xx_hal_gpio.o
                0x08001000                HAL_GPIO_WritePin
 .text.HAL_PWR_EnableBkUpAccess
                0x08001030       0x20 ./Drivers/STM32L4xx_HAL_Driver/Src/stm32l4xx_hal_pwr.o
                0x08001030                HAL_PWR_EnableBkUpAccess
 .text.HAL_PWREx_GetVoltageRange
                0x08001050       0x1c ./Drivers/STM32L4xx_HAL_Driver/Src/stm32l4xx_hal_pwr_ex.o
                0x08001050                HAL_PWREx_GetVoltageRange
 .text.HAL_PWREx_ControlVoltageScaling
                0x0800106c       0xac ./Drivers/STM32L4xx_HAL_Driver/Src/stm32l4xx_hal_pwr_ex.o
                0x0800106c                HAL_PWREx_ControlVoltageScaling
 .text.HAL_RCC_OscConfig
                0x08001118      0x828 ./Drivers/STM32L4xx_HAL_Driver/Src/stm32l4xx_hal_rcc.o
                0x08001118                HAL_RCC_OscConfig
 .text.HAL_RCC_ClockConfig
                0x08001940      0x200 ./Drivers/STM32L4xx_HAL_Driver/Src/stm32l4xx_hal_rcc.o
                0x08001940                HAL_RCC_ClockConfig
 .text.HAL_RCC_GetSysClockFreq
                0x08001b40      0x118 ./Drivers/STM32L4xx_HAL_Driver/Src/stm32l4xx_hal_rcc.o
                0x08001b40                HAL_RCC_GetSysClockFreq
 .text.HAL_RCC_GetHCLKFreq
                0x08001c58       0x18 ./Drivers/STM32L4xx_HAL_Driver/Src/stm32l4xx_hal_rcc.o
                0x08001c58                HAL_RCC_GetHCLKFreq
 .text.HAL_RCC_GetPCLK1Freq
                0x08001c70       0x2c ./Drivers/STM32L4xx_HAL_Driver/Src/stm32l4xx_hal_rcc.o
                0x08001c70                HAL_RCC_GetPCLK1Freq
 .text.HAL_RCC_GetPCLK2Freq
                0x08001c9c       0x2c ./Drivers/STM32L4xx_HAL_Driver/Src/stm32l4xx_hal_rcc.o
                0x08001c9c                HAL_RCC_GetPCLK2Freq
 .text.RCC_SetFlashLatencyFromMSIRange
                0x08001cc8       0xc0 ./Drivers/STM32L4xx_HAL_Driver/Src/stm32l4xx_hal_rcc.o
 .text.HAL_RCCEx_PeriphCLKConfig
                0x08001d88      0x3ec ./Drivers/STM32L4xx_HAL_Driver/Src/stm32l4xx_hal_rcc_ex.o
                0x08001d88                HAL_RCCEx_PeriphCLKConfig
 .text.HAL_RCCEx_EnableMSIPLLMode
                0x08002174       0x20 ./Drivers/STM32L4xx_HAL_Driver/Src/stm32l4xx_hal_rcc_ex.o
                0x08002174                HAL_RCCEx_EnableMSIPLLMode
 .text.RCCEx_PLLSAI1_Config
                0x08002194      0x1e4 ./Drivers/STM32L4xx_HAL_Driver/Src/stm32l4xx_hal_rcc_ex.o
 .text.HAL_SPI_Init
                0x08002378      0x146 ./Drivers/STM32L4xx_HAL_Driver/Src/stm32l4xx_hal_spi.o
                0x08002378                HAL_SPI_Init
 .text.HAL_SPI_Transmit
                0x080024be      0x2ec ./Drivers/STM32L4xx_HAL_Driver/Src/stm32l4xx_hal_spi.o
                0x080024be                HAL_SPI_Transmit
 .text.HAL_SPI_TransmitReceive
                0x080027aa      0x43e ./Drivers/STM32L4xx_HAL_Driver/Src/stm32l4xx_hal_spi.o
                0x080027aa                HAL_SPI_TransmitReceive
 .text.SPI_WaitFlagStateUntilTimeout
                0x08002be8      0x110 ./Drivers/STM32L4xx_HAL_Driver/Src/stm32l4xx_hal_spi.o
 .text.SPI_WaitFifoStateUntilTimeout
                0x08002cf8      0x12c ./Drivers/STM32L4xx_HAL_Driver/Src/stm32l4xx_hal_spi.o
 .text.SPI_EndRxTxTransaction
                0x08002e24       0x8c ./Drivers/STM32L4xx_HAL_Driver/Src/stm32l4xx_hal_spi.o
 .text.HAL_UART_Init
                0x08002eb0       0x9c ./Drivers/STM32L4xx_HAL_Driver/Src/stm32l4xx_hal_uart.o
                0x08002eb0                HAL_UART_Init
 .text.UART_SetConfig
                0x08002f4c      0x458 ./Drivers/STM32L4xx_HAL_Driver/Src/stm32l4xx_hal_uart.o
                0x08002f4c                UART_SetConfig
 .text.UART_AdvFeatureConfig
                0x080033a4      0x144 ./Drivers/STM32L4xx_HAL_Driver/Src/stm32l4xx_hal_uart.o
                0x080033a4                UART_AdvFeatureConfig
 .text.UART_CheckIdleState
                0x080034e8      0x150 ./Drivers/STM32L4xx_HAL_Driver/Src/stm32l4xx_hal_uart.o
                0x080034e8                UART_CheckIdleState
 .text.UART_WaitOnFlagUntilTimeout
                0x08003638       0xda ./Drivers/STM32L4xx_HAL_Driver/Src/stm32l4xx_hal_uart.o
                0x08003638                UART_WaitOnFlagUntilTimeout
 .text.UART_EndRxTransfer
                0x08003712       0xc8 ./Drivers/STM32L4xx_HAL_Driver/Src/stm32l4xx_hal_uart.o
 *fill*         0x080037da        0x2 
 .text.MX_FATFS_Init
                0x080037dc       0x24 ./FATFS/App/fatfs.o
                0x080037dc                MX_FATFS_Init
 .text.get_fattime
                0x08003800       0x10 ./FATFS/App/fatfs.o
                0x08003800                get_fattime
 .text.USER_initialize
                0x08003810       0x1c ./FATFS/Target/user_diskio.o
                0x08003810                USER_initialize
 .text.USER_status
                0x0800382c       0x1c ./FATFS/Target/user_diskio.o
                0x0800382c                USER_status
 .text.USER_read
                0x08003848       0x26 ./FATFS/Target/user_diskio.o
                0x08003848                USER_read
 .text.USER_write
                0x0800386e       0x26 ./FATFS/Target/user_diskio.o
                0x0800386e                USER_write
 .text.USER_ioctl
                0x08003894       0x26 ./FATFS/Target/user_diskio.o
                0x08003894                USER_ioctl
 *fill*         0x080038ba        0x2 
 .text.SPI_Timer_On
                0x080038bc       0x28 ./FATFS/Target/user_diskio_spi.o
                0x080038bc                SPI_Timer_On
 .text.SPI_Timer_Status
                0x080038e4       0x2c ./FATFS/Target/user_diskio_spi.o
                0x080038e4                SPI_Timer_Status
 .text.xchg_spi
                0x08003910       0x2c ./FATFS/Target/user_diskio_spi.o
 .text.rcvr_spi_multi
                0x0800393c       0x38 ./FATFS/Target/user_diskio_spi.o
 .text.xmit_spi_multi
                0x08003974       0x28 ./FATFS/Target/user_diskio_spi.o
 .text.wait_ready
                0x0800399c       0x46 ./FATFS/Target/user_diskio_spi.o
 *fill*         0x080039e2        0x2 
 .text.despiselect
                0x080039e4       0x1c ./FATFS/Target/user_diskio_spi.o
 .text.spiselect
                0x08003a00       0x34 ./FATFS/Target/user_diskio_spi.o
 .text.rcvr_datablock
                0x08003a34       0x52 ./FATFS/Target/user_diskio_spi.o
 .text.xmit_datablock
                0x08003a86       0x64 ./FATFS/Target/user_diskio_spi.o
 .text.send_cmd
                0x08003aea       0xde ./FATFS/Target/user_diskio_spi.o
 .text.USER_SPI_initialize
                0x08003bc8      0x1d8 ./FATFS/Target/user_diskio_spi.o
                0x08003bc8                USER_SPI_initialize
 .text.USER_SPI_status
                0x08003da0       0x2c ./FATFS/Target/user_diskio_spi.o
                0x08003da0                USER_SPI_status
 .text.USER_SPI_read
                0x08003dcc       0xcc ./FATFS/Target/user_diskio_spi.o
                0x08003dcc                USER_SPI_read
 .text.USER_SPI_write
                0x08003e98       0xf8 ./FATFS/Target/user_diskio_spi.o
                0x08003e98                USER_SPI_write
 .text.USER_SPI_ioctl
                0x08003f90      0x2e0 ./FATFS/Target/user_diskio_spi.o
                0x08003f90                USER_SPI_ioctl
 .text.disk_status
                0x08004270       0x34 ./Middlewares/Third_Party/FatFs/src/diskio.o
                0x08004270                disk_status
 .text.disk_initialize
                0x080042a4       0x4c ./Middlewares/Third_Party/FatFs/src/diskio.o
                0x080042a4                disk_initialize
 .text.disk_read
                0x080042f0       0x40 ./Middlewares/Third_Party/FatFs/src/diskio.o
                0x080042f0                disk_read
 .text.disk_write
                0x08004330       0x40 ./Middlewares/Third_Party/FatFs/src/diskio.o
                0x08004330                disk_write
 .text.disk_ioctl
                0x08004370       0x3c ./Middlewares/Third_Party/FatFs/src/diskio.o
                0x08004370                disk_ioctl
 .text.ld_word  0x080043ac       0x30 ./Middlewares/Third_Party/FatFs/src/ff.o
 .text.ld_dword
                0x080043dc       0x46 ./Middlewares/Third_Party/FatFs/src/ff.o
 .text.st_word  0x08004422       0x36 ./Middlewares/Third_Party/FatFs/src/ff.o
 .text.st_dword
                0x08004458       0x58 ./Middlewares/Third_Party/FatFs/src/ff.o
 .text.mem_cpy  0x080044b0       0x42 ./Middlewares/Third_Party/FatFs/src/ff.o
 .text.mem_set  0x080044f2       0x36 ./Middlewares/Third_Party/FatFs/src/ff.o
 .text.mem_cmp  0x08004528       0x4e ./Middlewares/Third_Party/FatFs/src/ff.o
 .text.chk_chr  0x08004576       0x36 ./Middlewares/Third_Party/FatFs/src/ff.o
 .text.chk_lock
                0x080045ac       0xb8 ./Middlewares/Third_Party/FatFs/src/ff.o
 .text.enq_lock
                0x08004664       0x44 ./Middlewares/Third_Party/FatFs/src/ff.o
 .text.inc_lock
                0x080046a8      0x11c ./Middlewares/Third_Party/FatFs/src/ff.o
 .text.dec_lock
                0x080047c4       0x78 ./Middlewares/Third_Party/FatFs/src/ff.o
 .text.clear_lock
                0x0800483c       0x48 ./Middlewares/Third_Party/FatFs/src/ff.o
 .text.sync_window
                0x08004884       0x88 ./Middlewares/Third_Party/FatFs/src/ff.o
 .text.move_window
                0x0800490c       0x5a ./Middlewares/Third_Party/FatFs/src/ff.o
 *fill*         0x08004966        0x2 
 .text.sync_fs  0x08004968       0xdc ./Middlewares/Third_Party/FatFs/src/ff.o
 .text.clust2sect
                0x08004a44       0x3e ./Middlewares/Third_Party/FatFs/src/ff.o
 .text.get_fat  0x08004a82      0x14e ./Middlewares/Third_Party/FatFs/src/ff.o
 .text.put_fat  0x08004bd0      0x1d4 ./Middlewares/Third_Party/FatFs/src/ff.o
 .text.remove_chain
                0x08004da4       0xca ./Middlewares/Third_Party/FatFs/src/ff.o
 .text.create_chain
                0x08004e6e      0x130 ./Middlewares/Third_Party/FatFs/src/ff.o
 .text.clmt_clust
                0x08004f9e       0x68 ./Middlewares/Third_Party/FatFs/src/ff.o
 .text.dir_sdi  0x08005006       0xf6 ./Middlewares/Third_Party/FatFs/src/ff.o
 .text.dir_next
                0x080050fc      0x18a ./Middlewares/Third_Party/FatFs/src/ff.o
 .text.dir_alloc
                0x08005286       0x8e ./Middlewares/Third_Party/FatFs/src/ff.o
 .text.ld_clust
                0x08005314       0x3e ./Middlewares/Third_Party/FatFs/src/ff.o
 .text.st_clust
                0x08005352       0x40 ./Middlewares/Third_Party/FatFs/src/ff.o
 .text.dir_find
                0x08005392       0xaa ./Middlewares/Third_Party/FatFs/src/ff.o
 .text.dir_register
                0x0800543c       0x64 ./Middlewares/Third_Party/FatFs/src/ff.o
 .text.create_name
                0x080054a0      0x128 ./Middlewares/Third_Party/FatFs/src/ff.o
 .text.follow_path
                0x080055c8       0xe2 ./Middlewares/Third_Party/FatFs/src/ff.o
 .text.get_ldnumber
                0x080056aa       0x88 ./Middlewares/Third_Party/FatFs/src/ff.o
 *fill*         0x08005732        0x2 
 .text.check_fs
                0x08005734       0xac ./Middlewares/Third_Party/FatFs/src/ff.o
 .text.find_volume
                0x080057e0      0x498 ./Middlewares/Third_Party/FatFs/src/ff.o
 .text.validate
                0x08005c78       0x6a ./Middlewares/Third_Party/FatFs/src/ff.o
 *fill*         0x08005ce2        0x2 
 .text.f_mount  0x08005ce4       0x8c ./Middlewares/Third_Party/FatFs/src/ff.o
                0x08005ce4                f_mount
 .text.f_open   0x08005d70      0x374 ./Middlewares/Third_Party/FatFs/src/ff.o
                0x08005d70                f_open
 .text.f_write  0x080060e4      0x2ea ./Middlewares/Third_Party/FatFs/src/ff.o
                0x080060e4                f_write
 .text.f_sync   0x080063ce       0xfc ./Middlewares/Third_Party/FatFs/src/ff.o
                0x080063ce                f_sync
 .text.f_close  0x080064ca       0x54 ./Middlewares/Third_Party/FatFs/src/ff.o
                0x080064ca                f_close
 *fill*         0x0800651e        0x2 
 .text.FATFS_LinkDriverEx
                0x08006520       0x98 ./Middlewares/Third_Party/FatFs/src/ff_gen_drv.o
                0x08006520                FATFS_LinkDriverEx
 .text.FATFS_LinkDriver
                0x080065b8       0x1e ./Middlewares/Third_Party/FatFs/src/ff_gen_drv.o
                0x080065b8                FATFS_LinkDriver
 .text.memset   0x080065d6       0x10 /Applications/STM32CubeIDE.app/Contents/Eclipse/plugins/com.st.stm32cube.ide.mcu.externaltools.gnu-tools-for-stm32.12.3.rel1.macos64_1.1.0.202410301201/tools/bin/../lib/gcc/arm-none-eabi/12.3.1/../../../../arm-none-eabi/lib/thumb/v7e-m+fp/hard/libc_nano.a(libc_a-memset.o)
                0x080065d6                memset
 *fill*         0x080065e6        0x2 
 .text.__libc_init_array
                0x080065e8       0x48 /Applications/STM32CubeIDE.app/Contents/Eclipse/plugins/com.st.stm32cube.ide.mcu.externaltools.gnu-tools-for-stm32.12.3.rel1.macos64_1.1.0.202410301201/tools/bin/../lib/gcc/arm-none-eabi/12.3.1/../../../../arm-none-eabi/lib/thumb/v7e-m+fp/hard/libc_nano.a(libc_a-init.o)
                0x080065e8                __libc_init_array
 *(.glue_7)
 .glue_7        0x08006630        0x0 linker stubs
 *(.glue_7t)
 .glue_7t       0x08006630        0x0 linker stubs
 *(.eh_frame)
 .eh_frame      0x08006630        0x0 /Applications/STM32CubeIDE.app/Contents/Eclipse/plugins/com.st.stm32cube.ide.mcu.externaltools.gnu-tools-for-stm32.12.3.rel1.macos64_1.1.0.202410301201/tools/bin/../lib/gcc/arm-none-eabi/12.3.1/thumb/v7e-m+fp/hard/crtbegin.o
 *(.init)
 .init          0x08006630        0x4 /Applications/STM32CubeIDE.app/Contents/Eclipse/plugins/com.st.stm32cube.ide.mcu.externaltools.gnu-tools-for-stm32.12.3.rel1.macos64_1.1.0.202410301201/tools/bin/../lib/gcc/arm-none-eabi/12.3.1/thumb/v7e-m+fp/hard/crti.o
                0x08006630                _init
 .init          0x08006634        0x8 /Applications/STM32CubeIDE.app/Contents/Eclipse/plugins/com.st.stm32cube.ide.mcu.externaltools.gnu-tools-for-stm32.12.3.rel1.macos64_1.1.0.202410301201/tools/bin/../lib/gcc/arm-none-eabi/12.3.1/thumb/v7e-m+fp/hard/crtn.o
 *(.fini)
 .fini          0x0800663c        0x4 /Applications/STM32CubeIDE.app/Contents/Eclipse/plugins/com.st.stm32cube.ide.mcu.externaltools.gnu-tools-for-stm32.12.3.rel1.macos64_1.1.0.202410301201/tools/bin/../lib/gcc/arm-none-eabi/12.3.1/thumb/v7e-m+fp/hard/crti.o
                0x0800663c                _fini
 .fini          0x08006640        0x8 /Applications/STM32CubeIDE.app/Contents/Eclipse/plugins/com.st.stm32cube.ide.mcu.externaltools.gnu-tools-for-stm32.12.3.rel1.macos64_1.1.0.202410301201/tools/bin/../lib/gcc/arm-none-eabi/12.3.1/thumb/v7e-m+fp/hard/crtn.o
                0x08006648                        . = ALIGN (0x4)
                0x08006648                        _etext = .

.vfp11_veneer   0x08006648        0x0
 .vfp11_veneer  0x08006648        0x0 linker stubs

.v4_bx          0x08006648        0x0
 .v4_bx         0x08006648        0x0 linker stubs

.iplt           0x08006648        0x0
 .iplt          0x08006648        0x0 /Applications/STM32CubeIDE.app/Contents/Eclipse/plugins/com.st.stm32cube.ide.mcu.externaltools.gnu-tools-for-stm32.12.3.rel1.macos64_1.1.0.202410301201/tools/bin/../lib/gcc/arm-none-eabi/12.3.1/thumb/v7e-m+fp/hard/crtbegin.o

.rodata         0x08006648      0x134
                0x08006648                        . = ALIGN (0x4)
 *(.rodata)
 .rodata        0x08006648       0x28 ./Core/Src/main.o
 .rodata        0x08006670       0x44 ./Middlewares/Third_Party/FatFs/src/ff.o
 *(.rodata*)
 .rodata.AHBPrescTable
                0x080066b4       0x10 ./Core/Src/system_stm32l4xx.o
                0x080066b4                AHBPrescTable
 .rodata.APBPrescTable
                0x080066c4        0x8 ./Core/Src/system_stm32l4xx.o
                0x080066c4                APBPrescTable
 .rodata.MSIRangeTable
                0x080066cc       0x30 ./Core/Src/system_stm32l4xx.o
                0x080066cc                MSIRangeTable
 .rodata.ExCvt  0x080066fc       0x80 ./Middlewares/Third_Party/FatFs/src/ff.o
                0x0800677c                        . = ALIGN (0x4)

.ARM.extab      0x0800677c        0x0
                0x0800677c                        . = ALIGN (0x4)
 *(.ARM.extab* .gnu.linkonce.armextab.*)
                0x0800677c                        . = ALIGN (0x4)

.ARM            0x0800677c        0x8
                0x0800677c                        . = ALIGN (0x4)
                0x0800677c                        __exidx_start = .
 *(.ARM.exidx*)
 .ARM.exidx     0x0800677c        0x8 /Applications/STM32CubeIDE.app/Contents/Eclipse/plugins/com.st.stm32cube.ide.mcu.externaltools.gnu-tools-for-stm32.12.3.rel1.macos64_1.1.0.202410301201/tools/bin/../lib/gcc/arm-none-eabi/12.3.1/thumb/v7e-m+fp/hard/libgcc.a(_udivmoddi4.o)
                0x08006784                        __exidx_end = .
                0x08006784                        . = ALIGN (0x4)

.preinit_array  0x08006784        0x0
                0x08006784                        . = ALIGN (0x4)
                0x08006784                        PROVIDE (__preinit_array_start = .)
 *(.preinit_array*)
                0x08006784                        PROVIDE (__preinit_array_end = .)
                0x08006784                        . = ALIGN (0x4)

.init_array     0x08006784        0x4
                0x08006784                        . = ALIGN (0x4)
                0x08006784                        PROVIDE (__init_array_start = .)
 *(SORT_BY_NAME(.init_array.*))
 *(.init_array*)
 .init_array    0x08006784        0x4 /Applications/STM32CubeIDE.app/Contents/Eclipse/plugins/com.st.stm32cube.ide.mcu.externaltools.gnu-tools-for-stm32.12.3.rel1.macos64_1.1.0.202410301201/tools/bin/../lib/gcc/arm-none-eabi/12.3.1/thumb/v7e-m+fp/hard/crtbegin.o
                0x08006788                        PROVIDE (__init_array_end = .)
                0x08006788                        . = ALIGN (0x4)

.fini_array     0x08006788        0x4
                0x08006788                        . = ALIGN (0x4)
                [!provide]                        PROVIDE (__fini_array_start = .)
 *(SORT_BY_NAME(.fini_array.*))
 *(.fini_array*)
 .fini_array    0x08006788        0x4 /Applications/STM32CubeIDE.app/Contents/Eclipse/plugins/com.st.stm32cube.ide.mcu.externaltools.gnu-tools-for-stm32.12.3.rel1.macos64_1.1.0.202410301201/tools/bin/../lib/gcc/arm-none-eabi/12.3.1/thumb/v7e-m+fp/hard/crtbegin.o
                [!provide]                        PROVIDE (__fini_array_end = .)
                0x0800678c                        . = ALIGN (0x4)
                0x0800678c                        _sidata = LOADADDR (.data)

.rel.dyn        0x0800678c        0x0
 .rel.iplt      0x0800678c        0x0 /Applications/STM32CubeIDE.app/Contents/Eclipse/plugins/com.st.stm32cube.ide.mcu.externaltools.gnu-tools-for-stm32.12.3.rel1.macos64_1.1.0.202410301201/tools/bin/../lib/gcc/arm-none-eabi/12.3.1/thumb/v7e-m+fp/hard/crtbegin.o

.data           0x20000000       0x24 load address 0x0800678c
                0x20000000                        . = ALIGN (0x4)
                0x20000000                        _sdata = .
 *(.data)
 *(.data*)
 .data.SystemCoreClock
                0x20000000        0x4 ./Core/Src/system_stm32l4xx.o
                0x20000000                SystemCoreClock
 .data.uwTickPrio
                0x20000004        0x4 ./Drivers/STM32L4xx_HAL_Driver/Src/stm32l4xx_hal.o
                0x20000004                uwTickPrio
 .data.uwTickFreq
                0x20000008        0x1 ./Drivers/STM32L4xx_HAL_Driver/Src/stm32l4xx_hal.o
                0x20000008                uwTickFreq
 *fill*         0x20000009        0x3 
 .data.USER_Driver
                0x2000000c       0x14 ./FATFS/Target/user_diskio.o
                0x2000000c                USER_Driver
 .data.Stat     0x20000020        0x1 ./FATFS/Target/user_diskio_spi.o
 *(.RamFunc)
 *(.RamFunc*)
                0x20000024                        . = ALIGN (0x4)
 *fill*         0x20000021        0x3 
                0x20000024                        _edata = .

.igot.plt       0x20000024        0x0 load address 0x080067b0
 .igot.plt      0x20000024        0x0 /Applications/STM32CubeIDE.app/Contents/Eclipse/plugins/com.st.stm32cube.ide.mcu.externaltools.gnu-tools-for-stm32.12.3.rel1.macos64_1.1.0.202410301201/tools/bin/../lib/gcc/arm-none-eabi/12.3.1/thumb/v7e-m+fp/hard/crtbegin.o
                0x20000024                        . = ALIGN (0x4)

.bss            0x20000024      0x154 load address 0x080067b0
                0x20000024                        _sbss = .
                0x20000024                        __bss_start__ = _sbss
 *(.bss)
 .bss           0x20000024       0x1c /Applications/STM32CubeIDE.app/Contents/Eclipse/plugins/com.st.stm32cube.ide.mcu.externaltools.gnu-tools-for-stm32.12.3.rel1.macos64_1.1.0.202410301201/tools/bin/../lib/gcc/arm-none-eabi/12.3.1/thumb/v7e-m+fp/hard/crtbegin.o
 *(.bss*)
 .bss.hspi1     0x20000040       0x64 ./Core/Src/main.o
                0x20000040                hspi1
 .bss.huart2    0x200000a4       0x88 ./Core/Src/main.o
                0x200000a4                huart2
 .bss.uwTick    0x2000012c        0x4 ./Drivers/STM32L4xx_HAL_Driver/Src/stm32l4xx_hal.o
                0x2000012c                uwTick
 .bss.retUSER   0x20000130        0x1 ./FATFS/App/fatfs.o
                0x20000130                retUSER
 *fill*         0x20000131        0x3 
 .bss.USERPath  0x20000134        0x4 ./FATFS/App/fatfs.o
                0x20000134                USERPath
 .bss.CardType  0x20000138        0x1 ./FATFS/Target/user_diskio_spi.o
 *fill*         0x20000139        0x3 
 .bss.spiTimerTickStart
                0x2000013c        0x4 ./FATFS/Target/user_diskio_spi.o
                0x2000013c                spiTimerTickStart
 .bss.spiTimerTickDelay
                0x20000140        0x4 ./FATFS/Target/user_diskio_spi.o
                0x20000140                spiTimerTickDelay
 .bss.FatFs     0x20000144        0x4 ./Middlewares/Third_Party/FatFs/src/ff.o
 .bss.Fsid      0x20000148        0x2 ./Middlewares/Third_Party/FatFs/src/ff.o
 *fill*         0x2000014a        0x2 
 .bss.Files     0x2000014c       0x20 ./Middlewares/Third_Party/FatFs/src/ff.o
 .bss.disk      0x2000016c        0xc ./Middlewares/Third_Party/FatFs/src/ff_gen_drv.o
                0x2000016c                disk
 *(COMMON)
                0x20000178                        . = ALIGN (0x4)
                0x20000178                        _ebss = .
                0x20000178                        __bss_end__ = _ebss

._user_heap_stack
                0x20000178      0x600 load address 0x080067b0
                0x20000178                        . = ALIGN (0x8)
                [!provide]                        PROVIDE (end = .)
                0x20000178                        PROVIDE (_end = .)
                0x20000378                        . = (. + _Min_Heap_Size)
 *fill*         0x20000178      0x200 
                0x20000778                        . = (. + _Min_Stack_Size)
 *fill*         0x20000378      0x400 
                0x20000778                        . = ALIGN (0x8)

/DISCARD/
 libc.a(*)
 libm.a(*)
 libgcc.a(*)

.ARM.attributes
                0x00000000       0x30
 *(.ARM.attributes)
 .ARM.attributes
                0x00000000       0x22 /Applications/STM32CubeIDE.app/Contents/Eclipse/plugins/com.st.stm32cube.ide.mcu.externaltools.gnu-tools-for-stm32.12.3.rel1.macos64_1.1.0.202410301201/tools/bin/../lib/gcc/arm-none-eabi/12.3.1/thumb/v7e-m+fp/hard/crti.o
 .ARM.attributes
                0x00000022       0x34 /Applications/STM32CubeIDE.app/Contents/Eclipse/plugins/com.st.stm32cube.ide.mcu.externaltools.gnu-tools-for-stm32.12.3.rel1.macos64_1.1.0.202410301201/tools/bin/../lib/gcc/arm-none-eabi/12.3.1/thumb/v7e-m+fp/hard/crtbegin.o
 .ARM.attributes
                0x00000056       0x34 ./Core/Src/main.o
 .ARM.attributes
                0x0000008a       0x34 ./Core/Src/stm32l4xx_hal_msp.o
 .ARM.attributes
                0x000000be       0x34 ./Core/Src/stm32l4xx_it.o
 .ARM.attributes
                0x000000f2       0x34 ./Core/Src/system_stm32l4xx.o
 .ARM.attributes
                0x00000126       0x21 ./Core/Startup/startup_stm32l432kcux.o
 .ARM.attributes
                0x00000147       0x34 ./Drivers/STM32L4xx_HAL_Driver/Src/stm32l4xx_hal.o
 .ARM.attributes
                0x0000017b       0x34 ./Drivers/STM32L4xx_HAL_Driver/Src/stm32l4xx_hal_cortex.o
 .ARM.attributes
                0x000001af       0x34 ./Drivers/STM32L4xx_HAL_Driver/Src/stm32l4xx_hal_gpio.o
 .ARM.attributes
                0x000001e3       0x34 ./Drivers/STM32L4xx_HAL_Driver/Src/stm32l4xx_hal_pwr.o
 .ARM.attributes
                0x00000217       0x34 ./Drivers/STM32L4xx_HAL_Driver/Src/stm32l4xx_hal_pwr_ex.o
 .ARM.attributes
                0x0000024b       0x34 ./Drivers/STM32L4xx_HAL_Driver/Src/stm32l4xx_hal_rcc.o
 .ARM.attributes
                0x0000027f       0x34 ./Drivers/STM32L4xx_HAL_Driver/Src/stm32l4xx_hal_rcc_ex.o
 .ARM.attributes
                0x000002b3       0x34 ./Drivers/STM32L4xx_HAL_Driver/Src/stm32l4xx_hal_spi.o
 .ARM.attributes
                0x000002e7       0x34 ./Drivers/STM32L4xx_HAL_Driver/Src/stm32l4xx_hal_uart.o
 .ARM.attributes
                0x0000031b       0x34 ./FATFS/App/fatfs.o
 .ARM.attributes
                0x0000034f       0x34 ./FATFS/Target/user_diskio.o
 .ARM.attributes
                0x00000383       0x34 ./FATFS/Target/user_diskio_spi.o
 .ARM.attributes
                0x000003b7       0x34 ./Middlewares/Third_Party/FatFs/src/diskio.o
 .ARM.attributes
                0x000003eb       0x34 ./Middlewares/Third_Party/FatFs/src/ff.o
 .ARM.attributes
                0x0000041f       0x34 ./Middlewares/Third_Party/FatFs/src/ff_gen_drv.o
 .ARM.attributes
                0x00000453       0x34 /Applications/STM32CubeIDE.app/Contents/Eclipse/plugins/com.st.stm32cube.ide.mcu.externaltools.gnu-tools-for-stm32.12.3.rel1.macos64_1.1.0.202410301201/tools/bin/../lib/gcc/arm-none-eabi/12.3.1/../../../../arm-none-eabi/lib/thumb/v7e-m+fp/hard/libc_nano.a(libc_a-memset.o)
 .ARM.attributes
                0x00000487       0x34 /Applications/STM32CubeIDE.app/Contents/Eclipse/plugins/com.st.stm32cube.ide.mcu.externaltools.gnu-tools-for-stm32.12.3.rel1.macos64_1.1.0.202410301201/tools/bin/../lib/gcc/arm-none-eabi/12.3.1/../../../../arm-none-eabi/lib/thumb/v7e-m+fp/hard/libc_nano.a(libc_a-init.o)
 .ARM.attributes
                0x000004bb       0x22 /Applications/STM32CubeIDE.app/Contents/Eclipse/plugins/com.st.stm32cube.ide.mcu.externaltools.gnu-tools-for-stm32.12.3.rel1.macos64_1.1.0.202410301201/tools/bin/../lib/gcc/arm-none-eabi/12.3.1/thumb/v7e-m+fp/hard/libgcc.a(_aeabi_uldivmod.o)
 .ARM.attributes
                0x000004dd       0x34 /Applications/STM32CubeIDE.app/Contents/Eclipse/plugins/com.st.stm32cube.ide.mcu.externaltools.gnu-tools-for-stm32.12.3.rel1.macos64_1.1.0.202410301201/tools/bin/../lib/gcc/arm-none-eabi/12.3.1/thumb/v7e-m+fp/hard/libgcc.a(_udivmoddi4.o)
 .ARM.attributes
                0x00000511       0x22 /Applications/STM32CubeIDE.app/Contents/Eclipse/plugins/com.st.stm32cube.ide.mcu.externaltools.gnu-tools-for-stm32.12.3.rel1.macos64_1.1.0.202410301201/tools/bin/../lib/gcc/arm-none-eabi/12.3.1/thumb/v7e-m+fp/hard/libgcc.a(_dvmd_tls.o)
 .ARM.attributes
                0x00000533       0x22 /Applications/STM32CubeIDE.app/Contents/Eclipse/plugins/com.st.stm32cube.ide.mcu.externaltools.gnu-tools-for-stm32.12.3.rel1.macos64_1.1.0.202410301201/tools/bin/../lib/gcc/arm-none-eabi/12.3.1/thumb/v7e-m+fp/hard/crtn.o
OUTPUT(sdtest.elf elf32-littlearm)
LOAD linker stubs
LOAD /Applications/STM32CubeIDE.app/Contents/Eclipse/plugins/com.st.stm32cube.ide.mcu.externaltools.gnu-tools-for-stm32.12.3.rel1.macos64_1.1.0.202410301201/tools/bin/../lib/gcc/arm-none-eabi/12.3.1/../../../../arm-none-eabi/lib/thumb/v7e-m+fp/hard/libc.a
LOAD /Applications/STM32CubeIDE.app/Contents/Eclipse/plugins/com.st.stm32cube.ide.mcu.externaltools.gnu-tools-for-stm32.12.3.rel1.macos64_1.1.0.202410301201/tools/bin/../lib/gcc/arm-none-eabi/12.3.1/../../../../arm-none-eabi/lib/thumb/v7e-m+fp/hard/libm.a
LOAD /Applications/STM32CubeIDE.app/Contents/Eclipse/plugins/com.st.stm32cube.ide.mcu.externaltools.gnu-tools-for-stm32.12.3.rel1.macos64_1.1.0.202410301201/tools/bin/../lib/gcc/arm-none-eabi/12.3.1/thumb/v7e-m+fp/hard/libgcc.a

.debug_info     0x00000000    0x103f9
 .debug_info    0x00000000     0x142e ./Core/Src/main.o
 .debug_info    0x0000142e      0xf5d ./Core/Src/stm32l4xx_hal_msp.o
 .debug_info    0x0000238b      0x113 ./Core/Src/stm32l4xx_it.o
 .debug_info    0x0000249e      0x5bf ./Core/Src/system_stm32l4xx.o
 .debug_info    0x00002a5d       0x30 ./Core/Startup/startup_stm32l432kcux.o
 .debug_info    0x00002a8d      0x99e ./Drivers/STM32L4xx_HAL_Driver/Src/stm32l4xx_hal.o
 .debug_info    0x0000342b      0xd03 ./Drivers/STM32L4xx_HAL_Driver/Src/stm32l4xx_hal_cortex.o
 .debug_info    0x0000412e      0x757 ./Drivers/STM32L4xx_HAL_Driver/Src/stm32l4xx_hal_gpio.o
 .debug_info    0x00004885      0x92c ./Drivers/STM32L4xx_HAL_Driver/Src/stm32l4xx_hal_pwr.o
 .debug_info    0x000051b1      0x920 ./Drivers/STM32L4xx_HAL_Driver/Src/stm32l4xx_hal_pwr_ex.o
 .debug_info    0x00005ad1      0xbc3 ./Drivers/STM32L4xx_HAL_Driver/Src/stm32l4xx_hal_rcc.o
 .debug_info    0x00006694      0xee5 ./Drivers/STM32L4xx_HAL_Driver/Src/stm32l4xx_hal_rcc_ex.o
 .debug_info    0x00007579     0x1549 ./Drivers/STM32L4xx_HAL_Driver/Src/stm32l4xx_hal_spi.o
 .debug_info    0x00008ac2     0x3b77 ./Drivers/STM32L4xx_HAL_Driver/Src/stm32l4xx_hal_uart.o
 .debug_info    0x0000c639      0x4d9 ./FATFS/App/fatfs.o
 .debug_info    0x0000cb12      0x3aa ./FATFS/Target/user_diskio.o
 .debug_info    0x0000cebc      0xc02 ./FATFS/Target/user_diskio_spi.o
 .debug_info    0x0000dabe      0x3df ./Middlewares/Third_Party/FatFs/src/diskio.o
 .debug_info    0x0000de9d     0x21dd ./Middlewares/Third_Party/FatFs/src/ff.o
 .debug_info    0x0001007a      0x37f ./Middlewares/Third_Party/FatFs/src/ff_gen_drv.o

.debug_abbrev   0x00000000     0x2746
 .debug_abbrev  0x00000000      0x2ed ./Core/Src/main.o
 .debug_abbrev  0x000002ed      0x1d3 ./Core/Src/stm32l4xx_hal_msp.o
 .debug_abbrev  0x000004c0       0x73 ./Core/Src/stm32l4xx_it.o
 .debug_abbrev  0x00000533      0x11a ./Core/Src/system_stm32l4xx.o
 .debug_abbrev  0x0000064d       0x24 ./Core/Startup/startup_stm32l432kcux.o
 .debug_abbrev  0x00000671      0x225 ./Drivers/STM32L4xx_HAL_Driver/Src/stm32l4xx_hal.o
 .debug_abbrev  0x00000896      0x31c ./Drivers/STM32L4xx_HAL_Driver/Src/stm32l4xx_hal_cortex.o
 .debug_abbrev  0x00000bb2      0x1cb ./Drivers/STM32L4xx_HAL_Driver/Src/stm32l4xx_hal_gpio.o
 .debug_abbrev  0x00000d7d      0x1d4 ./Drivers/STM32L4xx_HAL_Driver/Src/stm32l4xx_hal_pwr.o
 .debug_abbrev  0x00000f51      0x1f9 ./Drivers/STM32L4xx_HAL_Driver/Src/stm32l4xx_hal_pwr_ex.o
 .debug_abbrev  0x0000114a      0x2cb ./Drivers/STM32L4xx_HAL_Driver/Src/stm32l4xx_hal_rcc.o
 .debug_abbrev  0x00001415      0x2a1 ./Drivers/STM32L4xx_HAL_Driver/Src/stm32l4xx_hal_rcc_ex.o
 .debug_abbrev  0x000016b6      0x260 ./Drivers/STM32L4xx_HAL_Driver/Src/stm32l4xx_hal_spi.o
 .debug_abbrev  0x00001916      0x2d0 ./Drivers/STM32L4xx_HAL_Driver/Src/stm32l4xx_hal_uart.o
 .debug_abbrev  0x00001be6      0x160 ./FATFS/App/fatfs.o
 .debug_abbrev  0x00001d46      0x143 ./FATFS/Target/user_diskio.o
 .debug_abbrev  0x00001e89      0x31b ./FATFS/Target/user_diskio_spi.o
 .debug_abbrev  0x000021a4      0x181 ./Middlewares/Third_Party/FatFs/src/diskio.o
 .debug_abbrev  0x00002325      0x282 ./Middlewares/Third_Party/FatFs/src/ff.o
 .debug_abbrev  0x000025a7      0x19f ./Middlewares/Third_Party/FatFs/src/ff_gen_drv.o

.debug_aranges  0x00000000      0xe90
 .debug_aranges
                0x00000000       0x48 ./Core/Src/main.o
 .debug_aranges
                0x00000048       0x40 ./Core/Src/stm32l4xx_hal_msp.o
 .debug_aranges
                0x00000088       0x60 ./Core/Src/stm32l4xx_it.o
 .debug_aranges
                0x000000e8       0x28 ./Core/Src/system_stm32l4xx.o
 .debug_aranges
                0x00000110       0x28 ./Core/Startup/startup_stm32l432kcux.o
 .debug_aranges
                0x00000138      0x108 ./Drivers/STM32L4xx_HAL_Driver/Src/stm32l4xx_hal.o
 .debug_aranges
                0x00000240      0x128 ./Drivers/STM32L4xx_HAL_Driver/Src/stm32l4xx_hal_cortex.o
 .debug_aranges
                0x00000368       0x58 ./Drivers/STM32L4xx_HAL_Driver/Src/stm32l4xx_hal_gpio.o
 .debug_aranges
                0x000003c0       0x98 ./Drivers/STM32L4xx_HAL_Driver/Src/stm32l4xx_hal_pwr.o
 .debug_aranges
                0x00000458      0x128 ./Drivers/STM32L4xx_HAL_Driver/Src/stm32l4xx_hal_pwr_ex.o
 .debug_aranges
                0x00000580       0x90 ./Drivers/STM32L4xx_HAL_Driver/Src/stm32l4xx_hal_rcc.o
 .debug_aranges
                0x00000610       0xf0 ./Drivers/STM32L4xx_HAL_Driver/Src/stm32l4xx_hal_rcc_ex.o
 .debug_aranges
                0x00000700      0x1d8 ./Drivers/STM32L4xx_HAL_Driver/Src/stm32l4xx_hal_spi.o
 .debug_aranges
                0x000008d8      0x228 ./Drivers/STM32L4xx_HAL_Driver/Src/stm32l4xx_hal_uart.o
 .debug_aranges
                0x00000b00       0x28 ./FATFS/App/fatfs.o
 .debug_aranges
                0x00000b28       0x40 ./FATFS/Target/user_diskio.o
 .debug_aranges
                0x00000b68       0x98 ./FATFS/Target/user_diskio_spi.o
 .debug_aranges
                0x00000c00       0x48 ./Middlewares/Third_Party/FatFs/src/diskio.o
 .debug_aranges
                0x00000c48      0x208 ./Middlewares/Third_Party/FatFs/src/ff.o
 .debug_aranges
                0x00000e50       0x40 ./Middlewares/Third_Party/FatFs/src/ff_gen_drv.o

.debug_rnglists
                0x00000000      0xb2d
 .debug_rnglists
                0x00000000       0x34 ./Core/Src/main.o
 .debug_rnglists
                0x00000034       0x2d ./Core/Src/stm32l4xx_hal_msp.o
 .debug_rnglists
                0x00000061       0x43 ./Core/Src/stm32l4xx_it.o
 .debug_rnglists
                0x000000a4       0x1a ./Core/Src/system_stm32l4xx.o
 .debug_rnglists
                0x000000be       0x19 ./Core/Startup/startup_stm32l432kcux.o
 .debug_rnglists
                0x000000d7       0xc1 ./Drivers/STM32L4xx_HAL_Driver/Src/stm32l4xx_hal.o
 .debug_rnglists
                0x00000198       0xda ./Drivers/STM32L4xx_HAL_Driver/Src/stm32l4xx_hal_cortex.o
 .debug_rnglists
                0x00000272       0x3f ./Drivers/STM32L4xx_HAL_Driver/Src/stm32l4xx_hal_gpio.o
 .debug_rnglists
                0x000002b1       0x6e ./Drivers/STM32L4xx_HAL_Driver/Src/stm32l4xx_hal_pwr.o
 .debug_rnglists
                0x0000031f       0xdf ./Drivers/STM32L4xx_HAL_Driver/Src/stm32l4xx_hal_pwr_ex.o
 .debug_rnglists
                0x000003fe       0x6d ./Drivers/STM32L4xx_HAL_Driver/Src/stm32l4xx_hal_rcc.o
 .debug_rnglists
                0x0000046b       0xba ./Drivers/STM32L4xx_HAL_Driver/Src/stm32l4xx_hal_rcc_ex.o
 .debug_rnglists
                0x00000525      0x178 ./Drivers/STM32L4xx_HAL_Driver/Src/stm32l4xx_hal_spi.o
 .debug_rnglists
                0x0000069d      0x1db ./Drivers/STM32L4xx_HAL_Driver/Src/stm32l4xx_hal_uart.o
 .debug_rnglists
                0x00000878       0x19 ./FATFS/App/fatfs.o
 .debug_rnglists
                0x00000891       0x2b ./FATFS/Target/user_diskio.o
 .debug_rnglists
                0x000008bc       0x72 ./FATFS/Target/user_diskio_spi.o
 .debug_rnglists
                0x0000092e       0x31 ./Middlewares/Third_Party/FatFs/src/diskio.o
 .debug_rnglists
                0x0000095f      0x1a2 ./Middlewares/Third_Party/FatFs/src/ff.o
 .debug_rnglists
                0x00000b01       0x2c ./Middlewares/Third_Party/FatFs/src/ff_gen_drv.o

.debug_macro    0x00000000    0x2187a
 .debug_macro   0x00000000      0x2ef ./Core/Src/main.o
 .debug_macro   0x000002ef      0xab4 ./Core/Src/main.o
 .debug_macro   0x00000da3      0x1a7 ./Core/Src/main.o
 .debug_macro   0x00000f4a       0x2e ./Core/Src/main.o
 .debug_macro   0x00000f78       0x28 ./Core/Src/main.o
 .debug_macro   0x00000fa0       0x22 ./Core/Src/main.o
 .debug_macro   0x00000fc2       0x8e ./Core/Src/main.o
 .debug_macro   0x00001050       0x51 ./Core/Src/main.o
 .debug_macro   0x000010a1      0x103 ./Core/Src/main.o
 .debug_macro   0x000011a4       0x6a ./Core/Src/main.o
 .debug_macro   0x0000120e      0x1df ./Core/Src/main.o
 .debug_macro   0x000013ed       0x1c ./Core/Src/main.o
 .debug_macro   0x00001409       0x22 ./Core/Src/main.o
 .debug_macro   0x0000142b       0xfb ./Core/Src/main.o
 .debug_macro   0x00001526     0x1011 ./Core/Src/main.o
 .debug_macro   0x00002537      0x11f ./Core/Src/main.o
 .debug_macro   0x00002656    0x147a6 ./Core/Src/main.o
 .debug_macro   0x00016dfc       0x6d ./Core/Src/main.o
 .debug_macro   0x00016e69     0x38fb ./Core/Src/main.o
 .debug_macro   0x0001a764      0x189 ./Core/Src/main.o
 .debug_macro   0x0001a8ed       0x5c ./Core/Src/main.o
 .debug_macro   0x0001a949     0x11ca ./Core/Src/main.o
 .debug_macro   0x0001bb13      0x53c ./Core/Src/main.o
 .debug_macro   0x0001c04f      0x1b9 ./Core/Src/main.o
 .debug_macro   0x0001c208      0x122 ./Core/Src/main.o
 .debug_macro   0x0001c32a      0x26b ./Core/Src/main.o
 .debug_macro   0x0001c595      0x23d ./Core/Src/main.o
 .debug_macro   0x0001c7d2      0x241 ./Core/Src/main.o
 .debug_macro   0x0001ca13      0x375 ./Core/Src/main.o
 .debug_macro   0x0001cd88       0xd6 ./Core/Src/main.o
 .debug_macro   0x0001ce5e      0x122 ./Core/Src/main.o
 .debug_macro   0x0001cf80      0x356 ./Core/Src/main.o
 .debug_macro   0x0001d2d6      0x2fe ./Core/Src/main.o
 .debug_macro   0x0001d5d4      0x5cf ./Core/Src/main.o
 .debug_macro   0x0001dba3       0x44 ./Core/Src/main.o
 .debug_macro   0x0001dbe7      0x220 ./Core/Src/main.o
 .debug_macro   0x0001de07       0x6a ./Core/Src/main.o
 .debug_macro   0x0001de71       0xeb ./Core/Src/main.o
 .debug_macro   0x0001df5c       0x2a ./Core/Src/main.o
 .debug_macro   0x0001df86       0x61 ./Core/Src/main.o
 .debug_macro   0x0001dfe7       0x43 ./Core/Src/main.o
 .debug_macro   0x0001e02a       0x34 ./Core/Src/main.o
 .debug_macro   0x0001e05e       0x16 ./Core/Src/main.o
 .debug_macro   0x0001e074       0x35 ./Core/Src/main.o
 .debug_macro   0x0001e0a9       0x16 ./Core/Src/main.o
 .debug_macro   0x0001e0bf       0x43 ./Core/Src/main.o
 .debug_macro   0x0001e102       0x34 ./Core/Src/main.o
 .debug_macro   0x0001e136       0x10 ./Core/Src/main.o
 .debug_macro   0x0001e146       0x58 ./Core/Src/main.o
 .debug_macro   0x0001e19e       0x8e ./Core/Src/main.o
 .debug_macro   0x0001e22c       0x1c ./Core/Src/main.o
 .debug_macro   0x0001e248      0x177 ./Core/Src/main.o
 .debug_macro   0x0001e3bf      0x369 ./Core/Src/main.o
 .debug_macro   0x0001e728       0x16 ./Core/Src/main.o
 .debug_macro   0x0001e73e       0x29 ./Core/Src/main.o
 .debug_macro   0x0001e767       0x12 ./Core/Src/main.o
 .debug_macro   0x0001e779       0xe2 ./Core/Src/main.o
 .debug_macro   0x0001e85b       0x8e ./Core/Src/main.o
 .debug_macro   0x0001e8e9      0x1d0 ./Core/Src/stm32l4xx_hal_msp.o
 .debug_macro   0x0001eab9      0x1da ./Core/Src/stm32l4xx_it.o
 .debug_macro   0x0001ec93      0x1c1 ./Core/Src/system_stm32l4xx.o
 .debug_macro   0x0001ee54      0x209 ./Drivers/STM32L4xx_HAL_Driver/Src/stm32l4xx_hal.o
 .debug_macro   0x0001f05d      0x1c1 ./Drivers/STM32L4xx_HAL_Driver/Src/stm32l4xx_hal_cortex.o
 .debug_macro   0x0001f21e      0x1c8 ./Drivers/STM32L4xx_HAL_Driver/Src/stm32l4xx_hal_gpio.o
 .debug_macro   0x0001f3e6      0x1d9 ./Drivers/STM32L4xx_HAL_Driver/Src/stm32l4xx_hal_pwr.o
 .debug_macro   0x0001f5bf      0x1e5 ./Drivers/STM32L4xx_HAL_Driver/Src/stm32l4xx_hal_pwr_ex.o
 .debug_macro   0x0001f7a4      0x203 ./Drivers/STM32L4xx_HAL_Driver/Src/stm32l4xx_hal_rcc.o
 .debug_macro   0x0001f9a7      0x1f7 ./Drivers/STM32L4xx_HAL_Driver/Src/stm32l4xx_hal_rcc_ex.o
 .debug_macro   0x0001fb9e      0x1c9 ./Drivers/STM32L4xx_HAL_Driver/Src/stm32l4xx_hal_spi.o
 .debug_macro   0x0001fd67      0x1ec ./Drivers/STM32L4xx_HAL_Driver/Src/stm32l4xx_hal_uart.o
 .debug_macro   0x0001ff53      0x2f5 ./FATFS/App/fatfs.o
 .debug_macro   0x00020248       0xe5 ./FATFS/App/fatfs.o
 .debug_macro   0x0002032d      0x324 ./FATFS/Target/user_diskio.o
 .debug_macro   0x00020651       0x10 ./FATFS/Target/user_diskio.o
 .debug_macro   0x00020661       0x20 ./FATFS/Target/user_diskio.o
 .debug_macro   0x00020681       0x16 ./FATFS/Target/user_diskio.o
 .debug_macro   0x00020697       0x7c ./FATFS/Target/user_diskio.o
 .debug_macro   0x00020713       0x56 ./FATFS/Target/user_diskio.o
 .debug_macro   0x00020769      0x39c ./FATFS/Target/user_diskio_spi.o
 .debug_macro   0x00020b05       0x70 ./FATFS/Target/user_diskio_spi.o
 .debug_macro   0x00020b75      0x2e2 ./Middlewares/Third_Party/FatFs/src/diskio.o
 .debug_macro   0x00020e57      0x6e9 ./Middlewares/Third_Party/FatFs/src/ff.o
 .debug_macro   0x00021540       0x58 ./Middlewares/Third_Party/FatFs/src/ff.o
 .debug_macro   0x00021598      0x2e2 ./Middlewares/Third_Party/FatFs/src/ff_gen_drv.o

.debug_line     0x00000000    0x1338d
 .debug_line    0x00000000      0xa34 ./Core/Src/main.o
 .debug_line    0x00000a34      0x798 ./Core/Src/stm32l4xx_hal_msp.o
 .debug_line    0x000011cc      0x79f ./Core/Src/stm32l4xx_it.o
 .debug_line    0x0000196b      0x777 ./Core/Src/system_stm32l4xx.o
 .debug_line    0x000020e2       0x7a ./Core/Startup/startup_stm32l432kcux.o
 .debug_line    0x0000215c      0xa3f ./Drivers/STM32L4xx_HAL_Driver/Src/stm32l4xx_hal.o
 .debug_line    0x00002b9b      0xc9b ./Drivers/STM32L4xx_HAL_Driver/Src/stm32l4xx_hal_cortex.o
 .debug_line    0x00003836      0xae1 ./Drivers/STM32L4xx_HAL_Driver/Src/stm32l4xx_hal_gpio.o
 .debug_line    0x00004317      0x8a9 ./Drivers/STM32L4xx_HAL_Driver/Src/stm32l4xx_hal_pwr.o
 .debug_line    0x00004bc0      0xbcb ./Drivers/STM32L4xx_HAL_Driver/Src/stm32l4xx_hal_pwr_ex.o
 .debug_line    0x0000578b      0xf89 ./Drivers/STM32L4xx_HAL_Driver/Src/stm32l4xx_hal_rcc.o
 .debug_line    0x00006714     0x12c4 ./Drivers/STM32L4xx_HAL_Driver/Src/stm32l4xx_hal_rcc_ex.o
 .debug_line    0x000079d8     0x1fa8 ./Drivers/STM32L4xx_HAL_Driver/Src/stm32l4xx_hal_spi.o
 .debug_line    0x00009980     0x3177 ./Drivers/STM32L4xx_HAL_Driver/Src/stm32l4xx_hal_uart.o
 .debug_line    0x0000caf7      0x8cf ./FATFS/App/fatfs.o
 .debug_line    0x0000d3c6      0x93a ./FATFS/Target/user_diskio.o
 .debug_line    0x0000dd00      0xf8b ./FATFS/Target/user_diskio_spi.o
 .debug_line    0x0000ec8b      0x93e ./Middlewares/Third_Party/FatFs/src/diskio.o
 .debug_line    0x0000f5c9     0x3468 ./Middlewares/Third_Party/FatFs/src/ff.o
 .debug_line    0x00012a31      0x95c ./Middlewares/Third_Party/FatFs/src/ff_gen_drv.o

.debug_str      0x00000000    0xc27b7
 .debug_str     0x00000000    0xbe13d ./Core/Src/main.o
                              0xbe4de (size before relaxing)
 .debug_str     0x000be13d      0x245 ./Core/Src/stm32l4xx_hal_msp.o
                              0xbaa4c (size before relaxing)
 .debug_str     0x000be382       0xc9 ./Core/Src/stm32l4xx_it.o
                              0xba0ec (size before relaxing)
 .debug_str     0x000be44b       0xf2 ./Core/Src/system_stm32l4xx.o
                              0xba118 (size before relaxing)
 .debug_str     0x000be53d       0x44 ./Core/Startup/startup_stm32l432kcux.o
                                 0x76 (size before relaxing)
 .debug_str     0x000be581      0x8f5 ./Drivers/STM32L4xx_HAL_Driver/Src/stm32l4xx_hal.o
                              0xbaaa5 (size before relaxing)
 .debug_str     0x000bee76      0x37c ./Drivers/STM32L4xx_HAL_Driver/Src/stm32l4xx_hal_cortex.o
                              0xba878 (size before relaxing)
 .debug_str     0x000bf1f2      0x123 ./Drivers/STM32L4xx_HAL_Driver/Src/stm32l4xx_hal_gpio.o
                              0xba28c (size before relaxing)
 .debug_str     0x000bf315      0x333 ./Drivers/STM32L4xx_HAL_Driver/Src/stm32l4xx_hal_pwr.o
                              0xba462 (size before relaxing)
 .debug_str     0x000bf648      0x369 ./Drivers/STM32L4xx_HAL_Driver/Src/stm32l4xx_hal_pwr_ex.o
                              0xba5c0 (size before relaxing)
 .debug_str     0x000bf9b1      0x38c ./Drivers/STM32L4xx_HAL_Driver/Src/stm32l4xx_hal_rcc.o
                              0xba718 (size before relaxing)
 .debug_str     0x000bfd3d      0x4f2 ./Drivers/STM32L4xx_HAL_Driver/Src/stm32l4xx_hal_rcc_ex.o
                              0xba978 (size before relaxing)
 .debug_str     0x000c022f      0x5b7 ./Drivers/STM32L4xx_HAL_Driver/Src/stm32l4xx_hal_spi.o
                              0xba930 (size before relaxing)
 .debug_str     0x000c07e6      0x8ab ./Drivers/STM32L4xx_HAL_Driver/Src/stm32l4xx_hal_uart.o
                              0xbae70 (size before relaxing)
 .debug_str     0x000c1091       0xf1 ./FATFS/App/fatfs.o
                              0xbd9fc (size before relaxing)
 .debug_str     0x000c1182      0x148 ./FATFS/Target/user_diskio.o
                              0xbd9de (size before relaxing)
 .debug_str     0x000c12ca      0x3b7 ./FATFS/Target/user_diskio_spi.o
                              0xbe15b (size before relaxing)
 .debug_str     0x000c1681       0x52 ./Middlewares/Third_Party/FatFs/src/diskio.o
                              0xbd90b (size before relaxing)
 .debug_str     0x000c16d3     0x1053 ./Middlewares/Third_Party/FatFs/src/ff.o
                              0xbeb6e (size before relaxing)
 .debug_str     0x000c2726       0x91 ./Middlewares/Third_Party/FatFs/src/ff_gen_drv.o
                              0xbd95c (size before relaxing)

.comment        0x00000000       0x43
 .comment       0x00000000       0x43 ./Core/Src/main.o
                                 0x44 (size before relaxing)
 .comment       0x00000043       0x44 ./Core/Src/stm32l4xx_hal_msp.o
 .comment       0x00000043       0x44 ./Core/Src/stm32l4xx_it.o
 .comment       0x00000043       0x44 ./Core/Src/system_stm32l4xx.o
 .comment       0x00000043       0x44 ./Drivers/STM32L4xx_HAL_Driver/Src/stm32l4xx_hal.o
 .comment       0x00000043       0x44 ./Drivers/STM32L4xx_HAL_Driver/Src/stm32l4xx_hal_cortex.o
 .comment       0x00000043       0x44 ./Drivers/STM32L4xx_HAL_Driver/Src/stm32l4xx_hal_gpio.o
 .comment       0x00000043       0x44 ./Drivers/STM32L4xx_HAL_Driver/Src/stm32l4xx_hal_pwr.o
 .comment       0x00000043       0x44 ./Drivers/STM32L4xx_HAL_Driver/Src/stm32l4xx_hal_pwr_ex.o
 .comment       0x00000043       0x44 ./Drivers/STM32L4xx_HAL_Driver/Src/stm32l4xx_hal_rcc.o
 .comment       0x00000043       0x44 ./Drivers/STM32L4xx_HAL_Driver/Src/stm32l4xx_hal_rcc_ex.o
 .comment       0x00000043       0x44 ./Drivers/STM32L4xx_HAL_Driver/Src/stm32l4xx_hal_spi.o
 .comment       0x00000043       0x44 ./Drivers/STM32L4xx_HAL_Driver/Src/stm32l4xx_hal_uart.o
 .comment       0x00000043       0x44 ./FATFS/App/fatfs.o
 .comment       0x00000043       0x44 ./FATFS/Target/user_diskio.o
 .comment       0x00000043       0x44 ./FATFS/Target/user_diskio_spi.o
 .comment       0x00000043       0x44 ./Middlewares/Third_Party/FatFs/src/diskio.o
 .comment       0x00000043       0x44 ./Middlewares/Third_Party/FatFs/src/ff.o
 .comment       0x00000043       0x44 ./Middlewares/Third_Party/FatFs/src/ff_gen_drv.o

.debug_frame    0x00000000     0x3b1c
 .debug_frame   0x00000000       0xcc ./Core/Src/main.o
 .debug_frame   0x000000cc       0xcc ./Core/Src/stm32l4xx_hal_msp.o
 .debug_frame   0x00000198      0x104 ./Core/Src/stm32l4xx_it.o
 .debug_frame   0x0000029c       0x58 ./Core/Src/system_stm32l4xx.o
 .debug_frame   0x000002f4      0x3dc ./Drivers/STM32L4xx_HAL_Driver/Src/stm32l4xx_hal.o
 .debug_frame   0x000006d0      0x4e8 ./Drivers/STM32L4xx_HAL_Driver/Src/stm32l4xx_hal_cortex.o
 .debug_frame   0x00000bb8      0x14c ./Drivers/STM32L4xx_HAL_Driver/Src/stm32l4xx_hal_gpio.o
 .debug_frame   0x00000d04      0x230 ./Drivers/STM32L4xx_HAL_Driver/Src/stm32l4xx_hal_pwr.o
 .debug_frame   0x00000f34      0x4a4 ./Drivers/STM32L4xx_HAL_Driver/Src/stm32l4xx_hal_pwr_ex.o
 .debug_frame   0x000013d8      0x21c ./Drivers/STM32L4xx_HAL_Driver/Src/stm32l4xx_hal_rcc.o
 .debug_frame   0x000015f4      0x3d0 ./Drivers/STM32L4xx_HAL_Driver/Src/stm32l4xx_hal_rcc_ex.o
 .debug_frame   0x000019c4      0x860 ./Drivers/STM32L4xx_HAL_Driver/Src/stm32l4xx_hal_spi.o
 .debug_frame   0x00002224      0x9f4 ./Drivers/STM32L4xx_HAL_Driver/Src/stm32l4xx_hal_uart.o
 .debug_frame   0x00002c18       0x4c ./FATFS/App/fatfs.o
 .debug_frame   0x00002c64       0xc4 ./FATFS/Target/user_diskio.o
 .debug_frame   0x00002d28      0x248 ./FATFS/Target/user_diskio_spi.o
 .debug_frame   0x00002f70       0xec ./Middlewares/Third_Party/FatFs/src/diskio.o
 .debug_frame   0x0000305c      0x94c ./Middlewares/Third_Party/FatFs/src/ff.o
 .debug_frame   0x000039a8       0xc8 ./Middlewares/Third_Party/FatFs/src/ff_gen_drv.o
 .debug_frame   0x00003a70       0x20 /Applications/STM32CubeIDE.app/Contents/Eclipse/plugins/com.st.stm32cube.ide.mcu.externaltools.gnu-tools-for-stm32.12.3.rel1.macos64_1.1.0.202410301201/tools/bin/../lib/gcc/arm-none-eabi/12.3.1/../../../../arm-none-eabi/lib/thumb/v7e-m+fp/hard/libc_nano.a(libc_a-memset.o)
 .debug_frame   0x00003a90       0x2c /Applications/STM32CubeIDE.app/Contents/Eclipse/plugins/com.st.stm32cube.ide.mcu.externaltools.gnu-tools-for-stm32.12.3.rel1.macos64_1.1.0.202410301201/tools/bin/../lib/gcc/arm-none-eabi/12.3.1/../../../../arm-none-eabi/lib/thumb/v7e-m+fp/hard/libc_nano.a(libc_a-init.o)
 .debug_frame   0x00003abc       0x2c /Applications/STM32CubeIDE.app/Contents/Eclipse/plugins/com.st.stm32cube.ide.mcu.externaltools.gnu-tools-for-stm32.12.3.rel1.macos64_1.1.0.202410301201/tools/bin/../lib/gcc/arm-none-eabi/12.3.1/thumb/v7e-m+fp/hard/libgcc.a(_aeabi_uldivmod.o)
 .debug_frame   0x00003ae8       0x34 /Applications/STM32CubeIDE.app/Contents/Eclipse/plugins/com.st.stm32cube.ide.mcu.externaltools.gnu-tools-for-stm32.12.3.rel1.macos64_1.1.0.202410301201/tools/bin/../lib/gcc/arm-none-eabi/12.3.1/thumb/v7e-m+fp/hard/libgcc.a(_udivmoddi4.o)

.debug_line_str
                0x00000000       0x5a
 .debug_line_str
                0x00000000       0x5a ./Core/Startup/startup_stm32l432kcux.o
