Archive member included to satisfy reference by file (symbol)

/Applications/STM32CubeIDE.app/Contents/Eclipse/plugins/com.st.stm32cube.ide.mcu.externaltools.gnu-tools-for-stm32.12.3.rel1.macos64_1.1.0.202410301201/tools/bin/../lib/gcc/arm-none-eabi/12.3.1/../../../../arm-none-eabi/lib/thumb/v7e-m+fp/hard/libc_nano.a(libc_a-exit.o)
                              /Applications/STM32CubeIDE.app/Contents/Eclipse/plugins/com.st.stm32cube.ide.mcu.externaltools.gnu-tools-for-stm32.12.3.rel1.macos64_1.1.0.202410301201/tools/bin/../lib/gcc/arm-none-eabi/12.3.1/../../../../arm-none-eabi/lib/thumb/v7e-m+fp/hard/crt0.o (exit)
/Applications/STM32CubeIDE.app/Contents/Eclipse/plugins/com.st.stm32cube.ide.mcu.externaltools.gnu-tools-for-stm32.12.3.rel1.macos64_1.1.0.202410301201/tools/bin/../lib/gcc/arm-none-eabi/12.3.1/../../../../arm-none-eabi/lib/thumb/v7e-m+fp/hard/libc_nano.a(libc_a-findfp.o)
                              /Applications/STM32CubeIDE.app/Contents/Eclipse/plugins/com.st.stm32cube.ide.mcu.externaltools.gnu-tools-for-stm32.12.3.rel1.macos64_1.1.0.202410301201/tools/bin/../lib/gcc/arm-none-eabi/12.3.1/../../../../arm-none-eabi/lib/thumb/v7e-m+fp/hard/libc_nano.a(libc_a-exit.o) (__stdio_exit_handler)
/Applications/STM32CubeIDE.app/Contents/Eclipse/plugins/com.st.stm32cube.ide.mcu.externaltools.gnu-tools-for-stm32.12.3.rel1.macos64_1.1.0.202410301201/tools/bin/../lib/gcc/arm-none-eabi/12.3.1/../../../../arm-none-eabi/lib/thumb/v7e-m+fp/hard/libc_nano.a(libc_a-fwalk.o)
                              /Applications/STM32CubeIDE.app/Contents/Eclipse/plugins/com.st.stm32cube.ide.mcu.externaltools.gnu-tools-for-stm32.12.3.rel1.macos64_1.1.0.202410301201/tools/bin/../lib/gcc/arm-none-eabi/12.3.1/../../../../arm-none-eabi/lib/thumb/v7e-m+fp/hard/libc_nano.a(libc_a-findfp.o) (_fwalk_sglue)
/Applications/STM32CubeIDE.app/Contents/Eclipse/plugins/com.st.stm32cube.ide.mcu.externaltools.gnu-tools-for-stm32.12.3.rel1.macos64_1.1.0.202410301201/tools/bin/../lib/gcc/arm-none-eabi/12.3.1/../../../../arm-none-eabi/lib/thumb/v7e-m+fp/hard/libc_nano.a(libc_a-memset.o)
                              /Applications/STM32CubeIDE.app/Contents/Eclipse/plugins/com.st.stm32cube.ide.mcu.externaltools.gnu-tools-for-stm32.12.3.rel1.macos64_1.1.0.202410301201/tools/bin/../lib/gcc/arm-none-eabi/12.3.1/../../../../arm-none-eabi/lib/thumb/v7e-m+fp/hard/crt0.o (memset)
/Applications/STM32CubeIDE.app/Contents/Eclipse/plugins/com.st.stm32cube.ide.mcu.externaltools.gnu-tools-for-stm32.12.3.rel1.macos64_1.1.0.202410301201/tools/bin/../lib/gcc/arm-none-eabi/12.3.1/../../../../arm-none-eabi/lib/thumb/v7e-m+fp/hard/libc_nano.a(libc_a-impure.o)
                              /Applications/STM32CubeIDE.app/Contents/Eclipse/plugins/com.st.stm32cube.ide.mcu.externaltools.gnu-tools-for-stm32.12.3.rel1.macos64_1.1.0.202410301201/tools/bin/../lib/gcc/arm-none-eabi/12.3.1/../../../../arm-none-eabi/lib/thumb/v7e-m+fp/hard/libc_nano.a(libc_a-findfp.o) (_impure_data)
/Applications/STM32CubeIDE.app/Contents/Eclipse/plugins/com.st.stm32cube.ide.mcu.externaltools.gnu-tools-for-stm32.12.3.rel1.macos64_1.1.0.202410301201/tools/bin/../lib/gcc/arm-none-eabi/12.3.1/../../../../arm-none-eabi/lib/thumb/v7e-m+fp/hard/libc_nano.a(libc_a-errno.o)
                              ./Core/Src/syscalls.o (__errno)
/Applications/STM32CubeIDE.app/Contents/Eclipse/plugins/com.st.stm32cube.ide.mcu.externaltools.gnu-tools-for-stm32.12.3.rel1.macos64_1.1.0.202410301201/tools/bin/../lib/gcc/arm-none-eabi/12.3.1/../../../../arm-none-eabi/lib/thumb/v7e-m+fp/hard/libc_nano.a(libc_a-init.o)
                              /Applications/STM32CubeIDE.app/Contents/Eclipse/plugins/com.st.stm32cube.ide.mcu.externaltools.gnu-tools-for-stm32.12.3.rel1.macos64_1.1.0.202410301201/tools/bin/../lib/gcc/arm-none-eabi/12.3.1/../../../../arm-none-eabi/lib/thumb/v7e-m+fp/hard/crt0.o (__libc_init_array)
/Applications/STM32CubeIDE.app/Contents/Eclipse/plugins/com.st.stm32cube.ide.mcu.externaltools.gnu-tools-for-stm32.12.3.rel1.macos64_1.1.0.202410301201/tools/bin/../lib/gcc/arm-none-eabi/12.3.1/../../../../arm-none-eabi/lib/thumb/v7e-m+fp/hard/libc_nano.a(libc_a-lock.o)
                              /Applications/STM32CubeIDE.app/Contents/Eclipse/plugins/com.st.stm32cube.ide.mcu.externaltools.gnu-tools-for-stm32.12.3.rel1.macos64_1.1.0.202410301201/tools/bin/../lib/gcc/arm-none-eabi/12.3.1/../../../../arm-none-eabi/lib/thumb/v7e-m+fp/hard/libc_nano.a(libc_a-findfp.o) (__retarget_lock_init_recursive)
/Applications/STM32CubeIDE.app/Contents/Eclipse/plugins/com.st.stm32cube.ide.mcu.externaltools.gnu-tools-for-stm32.12.3.rel1.macos64_1.1.0.202410301201/tools/bin/../lib/gcc/arm-none-eabi/12.3.1/../../../../arm-none-eabi/lib/thumb/v7e-m+fp/hard/libc_nano.a(libc_a-strlen.o)
                              ./Middlewares/Third_Party/FatFs/src/ff.o (strlen)
[...]
Memory Configuration

Name             Origin             Length             Attributes
RAM              0x20000000         0x0000c000         xrw
RAM2             0x10000000         0x00004000         xrw
FLASH            0x08000000         0x00040000         xr
*default*        0x00000000         0xffffffff

Linker script and memory map

LOAD /Applications/STM32CubeIDE.app/Contents/Eclipse/plugins/com.st.stm32cube.ide.mcu.externaltools.gnu-tools-for-stm32.12.3.rel1.macos64_1.1.0.202410301201/tools/bin/../lib/gcc/arm-none-eabi/12.3.1/thumb/v7e-m+fp/hard/crti.o
LOAD /Applications/STM32CubeIDE.app/Contents/Eclipse/plugins/com.st.stm32cube.ide.mcu.externaltools.gnu-tools-for-stm32.12.3.rel1.macos64_1.1.0.202410301201/tools/bin/../lib/gcc/arm-none-eabi/12.3.1/thumb/v7e-m+fp/hard/crtbegin.o
LOAD /Applications/STM32CubeIDE.app/Contents/Eclipse/plugins/com.st.stm32cube.ide.mcu.externaltools.gnu-tools-for-stm32.12.3.rel1.macos64_1.1.0.202410301201/tools/bin/../lib/gcc/arm-none-eabi/12.3.1/../../../../arm-none-eabi/lib/thumb/v7e-m+fp/hard/crt0.o
LOAD ./Core/Src/main.o
LOAD ./Core/Src/stm32l4xx_hal_msp.o
LOAD ./Core/Src/stm32l4xx_it.o
LOAD ./Core/Src/syscalls.o
LOAD ./Core/Src/sysmem.o
LOAD ./Core/Src/system_stm32l4xx.o
LOAD ./Core/Startup/startup_stm32l432kcux.o
LOAD ./Drivers/STM32L4xx_HAL_Driver/Src/stm32l4xx_hal.o
LOAD ./Drivers/STM32L4xx_HAL_Driver/Src/stm32l4xx_hal_cortex.o
LOAD ./Drivers/STM32L4xx_HAL_Driver/Src/stm32l4xx_hal_dma.o
LOAD ./Drivers/STM32L4xx_HAL_Driver/Src/stm32l4xx_hal_dma_ex.o
LOAD ./Drivers/STM32L4xx_HAL_Driver/Src/stm32l4xx_hal_exti.o
LOAD ./Drivers/STM32L4xx_HAL_Driver/Src/stm32l4xx_hal_flash.o
LOAD ./Drivers/STM32L4xx_HAL_Driver/Src/stm32l4xx_hal_flash_ex.o
LOAD ./Drivers/STM32L4xx_HAL_Driver/Src/stm32l4xx_hal_flash_ramfunc.o
LOAD ./Drivers/STM32L4xx_HAL_Driver/Src/stm32l4xx_hal_gpio.o
LOAD ./Drivers/STM32L4xx_HAL_Driver/Src/stm32l4xx_hal_i2c.o
LOAD ./Drivers/STM32L4xx_HAL_Driver/Src/stm32l4xx_hal_i2c_ex.o
LOAD ./Drivers/STM32L4xx_HAL_Driver/Src/stm32l4xx_hal_pwr.o
LOAD ./Drivers/STM32L4xx_HAL_Driver/Src/stm32l4xx_hal_pwr_ex.o
LOAD ./Drivers/STM32L4xx_HAL_Driver/Src/stm32l4xx_hal_rcc.o
LOAD ./Drivers/STM32L4xx_HAL_Driver/Src/stm32l4xx_hal_rcc_ex.o
LOAD ./Drivers/STM32L4xx_HAL_Driver/Src/stm32l4xx_hal_spi.o
LOAD ./Drivers/STM32L4xx_HAL_Driver/Src/stm32l4xx_hal_spi_ex.o
LOAD ./Drivers/STM32L4xx_HAL_Driver/Src/stm32l4xx_hal_uart.o
LOAD ./Drivers/STM32L4xx_HAL_Driver/Src/stm32l4xx_hal_uart_ex.o
LOAD ./FATFS/App/fatfs.o
LOAD ./FATFS/Target/user_diskio.o
LOAD ./FATFS/Target/user_diskio_spi.o
LOAD ./Middlewares/Third_Party/FatFs/src/diskio.o
LOAD ./Middlewares/Third_Party/FatFs/src/ff.o
LOAD ./Middlewares/Third_Party/FatFs/src/ff_gen_drv.o
LOAD ./Middlewares/Third_Party/FatFs/src/option/syscall.o
START GROUP
LOAD /Applications/STM32CubeIDE.app/Contents/Eclipse/plugins/com.st.stm32cube.ide.mcu.externaltools.gnu-tools-for-stm32.12.3.rel1.macos64_1.1.0.202410301201/tools/bin/../lib/gcc/arm-none-eabi/12.3.1/../../../../arm-none-eabi/lib/thumb/v7e-m+fp/hard/libstdc++_nano.a
LOAD /Applications/STM32CubeIDE.app/Contents/Eclipse/plugins/com.st.stm32cube.ide.mcu.externaltools.gnu-tools-for-stm32.12.3.rel1.macos64_1.1.0.202410301201/tools/bin/../lib/gcc/arm-none-eabi/12.3.1/../../../../arm-none-eabi/lib/thumb/v7e-m+fp/hard/libsupc++_nano.a
END GROUP
LOAD /Applications/STM32CubeIDE.app/Contents/Eclipse/plugins/com.st.stm32cube.ide.mcu.externaltools.gnu-tools-for-stm32.12.3.rel1.macos64_1.1.0.202410301201/tools/bin/../lib/gcc/arm-none-eabi/12.3.1/../../../../arm-none-eabi/lib/thumb/v7e-m+fp/hard/libstdc++_nano.a
LOAD /Applications/STM32CubeIDE.app/Contents/Eclipse/plugins/com.st.stm32cube.ide.mcu.externaltools.gnu-tools-for-stm32.12.3.rel1.macos64_1.1.0.202410301201/tools/bin/../lib/gcc/arm-none-eabi/12.3.1/../../../../arm-none-eabi/lib/thumb/v7e-m+fp/hard/libm.a
LOAD /Applications/STM32CubeIDE.app/Contents/Eclipse/plugins/com.st.stm32cube.ide.mcu.externaltools.gnu-tools-for-stm32.12.3.rel1.macos64_1.1.0.202410301201/tools/bin/../lib/gcc/arm-none-eabi/12.3.1/../../../../arm-none-eabi/lib/thumb/v7e-m+fp/hard/libc_nano.a
START GROUP
LOAD /Applications/STM32CubeIDE.app/Contents/Eclipse/plugins/com.st.stm32cube.ide.mcu.externaltools.gnu-tools-for-stm32.12.3.rel1.macos64_1.1.0.202410301201/tools/bin/../lib/gcc/arm-none-eabi/12.3.1/thumb/v7e-m+fp/hard/libgcc.a
LOAD /Applications/STM32CubeIDE.app/Contents/Eclipse/plugins/com.st.stm32cube.ide.mcu.externaltools.gnu-tools-for-stm32.12.3.rel1.macos64_1.1.0.202410301201/tools/bin/../lib/gcc/arm-none-eabi/12.3.1/../../../../arm-none-eabi/lib/thumb/v7e-m+fp/hard/libc_nano.a
END GROUP
START GROUP
LOAD /Applications/STM32CubeIDE.app/Contents/Eclipse/plugins/com.st.stm32cube.ide.mcu.externaltools.gnu-tools-for-stm32.12.3.rel1.macos64_1.1.0.202410301201/tools/bin/../lib/gcc/arm-none-eabi/12.3.1/thumb/v7e-m+fp/hard/libgcc.a
LOAD /Applications/STM32CubeIDE.app/Contents/Eclipse/plugins/com.st.stm32cube.ide.mcu.externaltools.gnu-tools-for-stm32.12.3.rel1.macos64_1.1.0.202410301201/tools/bin/../lib/gcc/arm-none-eabi/12.3.1/../../../../arm-none-eabi/lib/thumb/v7e-m+fp/hard/libc_nano.a
LOAD /Applications/STM32CubeIDE.app/Contents/Eclipse/plugins/com.st.stm32cube.ide.mcu.externaltools.gnu-tools-for-stm32.12.3.rel1.macos64_1.1.0.202410301201/tools/bin/../lib/gcc/arm-none-eabi/12.3.1/../../../../arm-none-eabi/lib/thumb/v7e-m+fp/hard/libnosys.a
END GROUP
START GROUP
LOAD /Applications/STM32CubeIDE.app/Contents/Eclipse/plugins/com.st.stm32cube.ide.mcu.externaltools.gnu-tools-for-stm32.12.3.rel1.macos64_1.1.0.202410301201/tools/bin/../lib/gcc/arm-none-eabi/12.3.1/thumb/v7e-m+fp/hard/libgcc.a
LOAD /Applications/STM32CubeIDE.app/Contents/Eclipse/plugins/com.st.stm32cube.ide.mcu.externaltools.gnu-tools-for-stm32.12.3.rel1.macos64_1.1.0.202410301201/tools/bin/../lib/gcc/arm-none-eabi/12.3.1/../../../../arm-none-eabi/lib/thumb/v7e-m+fp/hard/libc_nano.a
LOAD /Applications/STM32CubeIDE.app/Contents/Eclipse/plugins/com.st.stm32cube.ide.mcu.externaltools.gnu-tools-for-stm32.12.3.rel1.macos64_1.1.0.202410301201/tools/bin/../lib/gcc/arm-none-eabi/12.3.1/../../../../arm-none-eabi/lib/thumb/v7e-m+fp/hard/libnosys.a
END GROUP
LOAD /Applications/STM32CubeIDE.app/Contents/Eclipse/plugins/com.st.stm32cube.ide.mcu.externaltools.gnu-tools-for-stm32.12.3.rel1.macos64_1.1.0.202410301201/tools/bin/../lib/gcc/arm-none-eabi/12.3.1/thumb/v7e-m+fp/hard/crtend.o
LOAD /Applications/STM32CubeIDE.app/Contents/Eclipse/plugins/com.st.stm32cube.ide.mcu.externaltools.gnu-tools-for-stm32.12.3.rel1.macos64_1.1.0.202410301201/tools/bin/../lib/gcc/arm-none-eabi/12.3.1/thumb/v7e-m+fp/hard/crtn.o
                0x2000c000                        _estack = (ORIGIN (RAM) + LENGTH (RAM))
                0x00000200                        _Min_Heap_Size = 0x200
                0x00000400                        _Min_Stack_Size = 0x400

.isr_vector     0x08000000      0x18c
                0x08000000                        . = ALIGN (0x4)
 *(.isr_vector)
 .isr_vector    0x08000000      0x18c ./Core/Startup/startup_stm32l432kcux.o
                0x08000000                g_pfnVectors
                0x0800018c                        . = ALIGN (0x4)

.text           0x0800018c     0x3938
                0x0800018c                        . = ALIGN (0x4)
 *(.text)
 .text          0x0800018c       0x40 /Applications/STM32CubeIDE.app/Contents/Eclipse/plugins/com.st.stm32cube.ide.mcu.externaltools.gnu-tools-for-stm32.12.3.rel1.macos64_1.1.0.202410301201/tools/bin/../lib/gcc/arm-none-eabi/12.3.1/thumb/v7e-m+fp/hard/crtbegin.o
 .text          0x080001cc       0x30 /Applications/STM32CubeIDE.app/Contents/Eclipse/plugins/com.st.stm32cube.ide.mcu.externaltools.gnu-tools-for-stm32.12.3.rel1.macos64_1.1.0.202410301201/tools/bin/../lib/gcc/arm-none-eabi/12.3.1/thumb/v7e-m+fp/hard/libgcc.a(_aeabi_uldivmod.o)
                0x080001cc                __aeabi_uldivmod
 .text          0x080001fc      0x2bc /Applications/STM32CubeIDE.app/Contents/Eclipse/plugins/com.st.stm32cube.ide.mcu.externaltools.gnu-tools-for-stm32.12.3.rel1.macos64_1.1.0.202410301201/tools/bin/../lib/gcc/arm-none-eabi/12.3.1/thumb/v7e-m+fp/hard/libgcc.a(_udivmoddi4.o)
                0x080001fc                __udivmoddi4
 .text          0x080004b8        0x4 /Applications/STM32CubeIDE.app/Contents/Eclipse/plugins/com.st.stm32cube.ide.mcu.externaltools.gnu-tools-for-stm32.12.3.rel1.macos64_1.1.0.202410301201/tools/bin/../lib/gcc/arm-none-eabi/12.3.1/thumb/v7e-m+fp/hard/libgcc.a(_dvmd_tls.o)
                0x080004b8                __aeabi_ldiv0
                0x080004b8                __aeabi_idiv0
 *(.text*)
 .text.SystemClock_Config
                0x080004bc       0x94 ./Core/Src/main.o
                0x080004bc                SystemClock_Config
 .text.startup.main
                0x08000550      0x168 ./Core/Src/main.o
                0x08000550                main
 .text.Error_Handler
                0x080006b8        0x4 ./Core/Src/main.o
                0x080006b8                Error_Handler
 .text.HAL_MspInit
                0x080006bc       0x30 ./Core/Src/stm32l4xx_hal_msp.o
                0x080006bc                HAL_MspInit
 .text.HAL_SPI_MspInit
                0x080006ec       0x64 ./Core/Src/stm32l4xx_hal_msp.o
                0x080006ec                HAL_SPI_MspInit
 .text.HAL_UART_MspInit
                0x08000750       0x9c ./Core/Src/stm32l4xx_hal_msp.o
                0x08000750                HAL_UART_MspInit
 .text.NMI_Handler
                0x080007ec        0x2 ./Core/Src/stm32l4xx_it.o
                0x080007ec                NMI_Handler
 .text.HardFault_Handler
                0x080007ee        0x2 ./Core/Src/stm32l4xx_it.o
                0x080007ee                HardFault_Handler
 .text.MemManage_Handler
                0x080007f0        0x2 ./Core/Src/stm32l4xx_it.o
                0x080007f0                MemManage_Handler
 .text.BusFault_Handler
                0x080007f2        0x2 ./Core/Src/stm32l4xx_it.o
                0x080007f2                BusFault_Handler
 .text.UsageFault_Handler
                0x080007f4        0x2 ./Core/Src/stm32l4xx_it.o
                0x080007f4                UsageFault_Handler
 .text.SVC_Handler
                0x080007f6        0x2 ./Core/Src/stm32l4xx_it.o
                0x080007f6                SVC_Handler
 .text.DebugMon_Handler
                0x080007f8        0x2 ./Core/Src/stm32l4xx_it.o
                0x080007f8                DebugMon_Handler
 .text.PendSV_Handler
                0x080007fa        0x2 ./Core/Src/stm32l4xx_it.o
                0x080007fa                PendSV_Handler
 .text.SysTick_Handler
                0x080007fc        0x4 ./Core/Src/stm32l4xx_it.o
                0x080007fc                SysTick_Handler
 .text.SystemInit
                0x08000800       0x14 ./Core/Src/system_stm32l4xx.o
                0x08000800                SystemInit
 .text.Reset_Handler
                0x08000814       0x50 ./Core/Startup/startup_stm32l432kcux.o
                0x08000814                Reset_Handler
 .text.Default_Handler
                0x08000864        0x2 ./Core/Startup/startup_stm32l432kcux.o
                0x08000864                TIM1_BRK_TIM15_IRQHandler
                0x08000864                EXTI2_IRQHandler
                0x08000864                TIM1_CC_IRQHandler
                0x08000864                TSC_IRQHandler
                0x08000864                TAMP_STAMP_IRQHandler
                0x08000864                EXTI3_IRQHandler
                0x08000864                LPTIM2_IRQHandler
                0x08000864                I2C3_ER_IRQHandler
                0x08000864                EXTI0_IRQHandler
                0x08000864                CAN1_RX0_IRQHandler
                0x08000864                FPU_IRQHandler
                0x08000864                TIM1_UP_TIM16_IRQHandler
                0x08000864                SPI1_IRQHandler
                0x08000864                TIM6_DAC_IRQHandler
                0x08000864                DMA2_Channel2_IRQHandler
                0x08000864                DMA1_Channel4_IRQHandler
                0x08000864                ADC1_IRQHandler
                0x08000864                DMA1_Channel7_IRQHandler
                0x08000864                CAN1_RX1_IRQHandler
                0x08000864                DMA2_Channel1_IRQHandler
                0x08000864                QUADSPI_IRQHandler
                0x08000864                I2C1_EV_IRQHandler
                0x08000864                DMA1_Channel6_IRQHandler
                0x08000864                DMA2_Channel4_IRQHandler
                0x08000864                RCC_IRQHandler
                0x08000864                TIM1_TRG_COM_IRQHandler
                0x08000864                DMA1_Channel1_IRQHandler
                0x08000864                Default_Handler
                0x08000864                DMA2_Channel7_IRQHandler
                0x08000864                EXTI15_10_IRQHandler
                0x08000864                TIM7_IRQHandler
                0x08000864                I2C3_EV_IRQHandler
                0x08000864                USB_IRQHandler
                0x08000864                EXTI9_5_IRQHandler
                0x08000864                RTC_WKUP_IRQHandler
                0x08000864                PVD_PVM_IRQHandler
                0x08000864                CAN1_TX_IRQHandler
                0x08000864                DMA2_Channel5_IRQHandler
                0x08000864                CRS_IRQHandler
                0x08000864                DMA1_Channel5_IRQHandler
                0x08000864                EXTI4_IRQHandler
                0x08000864                RNG_IRQHandler
                0x08000864                DMA1_Channel3_IRQHandler
                0x08000864                COMP_IRQHandler
                0x08000864                WWDG_IRQHandler
                0x08000864                LPUART1_IRQHandler
                0x08000864                DMA2_Channel6_IRQHandler
                0x08000864                TIM2_IRQHandler
                0x08000864                EXTI1_IRQHandler
                0x08000864                USART2_IRQHandler
                0x08000864                DMA1_Channel2_IRQHandler
                0x08000864                CAN1_SCE_IRQHandler
                0x08000864                FLASH_IRQHandler
                0x08000864                USART1_IRQHandler
                0x08000864                SPI3_IRQHandler
                0x08000864                I2C1_ER_IRQHandler
                0x08000864                SWPMI1_IRQHandler
                0x08000864                LPTIM1_IRQHandler
                0x08000864                SAI1_IRQHandler
                0x08000864                DMA2_Channel3_IRQHandler
                0x08000864                RTC_Alarm_IRQHandler
 *fill*         0x08000866        0x2 
 .text.HAL_InitTick
                0x08000868       0x4c ./Drivers/STM32L4xx_HAL_Driver/Src/stm32l4xx_hal.o
                0x08000868                HAL_InitTick
 .text.HAL_Init
                0x080008b4       0x1e ./Drivers/STM32L4xx_HAL_Driver/Src/stm32l4xx_hal.o
                0x080008b4                HAL_Init
 *fill*         0x080008d2        0x2 
 .text.HAL_IncTick
                0x080008d4       0x18 ./Drivers/STM32L4xx_HAL_Driver/Src/stm32l4xx_hal.o
                0x080008d4                HAL_IncTick
 .text.HAL_GetTick
                0x080008ec        0xc ./Drivers/STM32L4xx_HAL_Driver/Src/stm32l4xx_hal.o
                0x080008ec                HAL_GetTick
 .text.HAL_Delay
                0x080008f8       0x28 ./Drivers/STM32L4xx_HAL_Driver/Src/stm32l4xx_hal.o
                0x080008f8                HAL_Delay
 .text.HAL_NVIC_SetPriorityGrouping
                0x08000920       0x24 ./Drivers/STM32L4xx_HAL_Driver/Src/stm32l4xx_hal_cortex.o
                0x08000920                HAL_NVIC_SetPriorityGrouping
 .text.HAL_NVIC_SetPriority
                0x08000944       0x64 ./Drivers/STM32L4xx_HAL_Driver/Src/stm32l4xx_hal_cortex.o
                0x08000944                HAL_NVIC_SetPriority
 .text.HAL_SYSTICK_Config
                0x080009a8       0x28 ./Drivers/STM32L4xx_HAL_Driver/Src/stm32l4xx_hal_cortex.o
                0x080009a8                HAL_SYSTICK_Config
 .text.HAL_GPIO_Init
                0x080009d0      0x170 ./Drivers/STM32L4xx_HAL_Driver/Src/stm32l4xx_hal_gpio.o
                0x080009d0                HAL_GPIO_Init
 .text.HAL_GPIO_WritePin
                0x08000b40        0xa ./Drivers/STM32L4xx_HAL_Driver/Src/stm32l4xx_hal_gpio.o
                0x08000b40                HAL_GPIO_WritePin
 *fill*         0x08000b4a        0x2 
 .text.HAL_PWR_EnableBkUpAccess
                0x08000b4c       0x10 ./Drivers/STM32L4xx_HAL_Driver/Src/stm32l4xx_hal_pwr.o
                0x08000b4c                HAL_PWR_EnableBkUpAccess
 .text.HAL_PWREx_GetVoltageRange
                0x08000b5c       0x10 ./Drivers/STM32L4xx_HAL_Driver/Src/stm32l4xx_hal_pwr_ex.o
                0x08000b5c                HAL_PWREx_GetVoltageRange
 .text.HAL_PWREx_ControlVoltageScaling
                0x08000b6c       0x6c ./Drivers/STM32L4xx_HAL_Driver/Src/stm32l4xx_hal_pwr_ex.o
                0x08000b6c                HAL_PWREx_ControlVoltageScaling
 .text.RCC_SetFlashLatencyFromMSIRange
                0x08000bd8       0x84 ./Drivers/STM32L4xx_HAL_Driver/Src/stm32l4xx_hal_rcc.o
 .text.HAL_RCC_GetSysClockFreq
                0x08000c5c       0x9c ./Drivers/STM32L4xx_HAL_Driver/Src/stm32l4xx_hal_rcc.o
                0x08000c5c                HAL_RCC_GetSysClockFreq
 .text.HAL_RCC_OscConfig
                0x08000cf8      0x544 ./Drivers/STM32L4xx_HAL_Driver/Src/stm32l4xx_hal_rcc.o
                0x08000cf8                HAL_RCC_OscConfig
 .text.HAL_RCC_ClockConfig
                0x0800123c      0x154 ./Drivers/STM32L4xx_HAL_Driver/Src/stm32l4xx_hal_rcc.o
                0x0800123c                HAL_RCC_ClockConfig
 .text.HAL_RCC_GetPCLK1Freq
                0x08001390       0x24 ./Drivers/STM32L4xx_HAL_Driver/Src/stm32l4xx_hal_rcc.o
                0x08001390                HAL_RCC_GetPCLK1Freq
 .text.HAL_RCC_GetPCLK2Freq
                0x080013b4       0x24 ./Drivers/STM32L4xx_HAL_Driver/Src/stm32l4xx_hal_rcc.o
                0x080013b4                HAL_RCC_GetPCLK2Freq
 .text.RCCEx_PLLSAI1_Config
                0x080013d8      0x10c ./Drivers/STM32L4xx_HAL_Driver/Src/stm32l4xx_hal_rcc_ex.o
 .text.HAL_RCCEx_PeriphCLKConfig
                0x080014e4      0x2a0 ./Drivers/STM32L4xx_HAL_Driver/Src/stm32l4xx_hal_rcc_ex.o
                0x080014e4                HAL_RCCEx_PeriphCLKConfig
 .text.HAL_RCCEx_EnableMSIPLLMode
                0x08001784       0x10 ./Drivers/STM32L4xx_HAL_Driver/Src/stm32l4xx_hal_rcc_ex.o
                0x08001784                HAL_RCCEx_EnableMSIPLLMode
 .text.SPI_WaitFlagStateUntilTimeout.constprop.0
                0x08001794       0xa4 ./Drivers/STM32L4xx_HAL_Driver/Src/stm32l4xx_hal_spi.o
 .text.SPI_WaitFifoStateUntilTimeout.constprop.0
                0x08001838       0xc8 ./Drivers/STM32L4xx_HAL_Driver/Src/stm32l4xx_hal_spi.o
 .text.SPI_EndRxTxTransaction
                0x08001900       0x44 ./Drivers/STM32L4xx_HAL_Driver/Src/stm32l4xx_hal_spi.o
 .text.HAL_SPI_Init
                0x08001944       0xd4 ./Drivers/STM32L4xx_HAL_Driver/Src/stm32l4xx_hal_spi.o
                0x08001944                HAL_SPI_Init
 .text.HAL_SPI_Transmit
                0x08001a18      0x18c ./Drivers/STM32L4xx_HAL_Driver/Src/stm32l4xx_hal_spi.o
                0x08001a18                HAL_SPI_Transmit
 .text.HAL_SPI_TransmitReceive
                0x08001ba4      0x266 ./Drivers/STM32L4xx_HAL_Driver/Src/stm32l4xx_hal_spi.o
                0x08001ba4                HAL_SPI_TransmitReceive
 .text.UART_EndRxTransfer
                0x08001e0a       0x50 ./Drivers/STM32L4xx_HAL_Driver/Src/stm32l4xx_hal_uart.o
 *fill*         0x08001e5a        0x2 
 .text.UART_SetConfig
                0x08001e5c      0x1b4 ./Drivers/STM32L4xx_HAL_Driver/Src/stm32l4xx_hal_uart.o
                0x08001e5c                UART_SetConfig
 .text.UART_AdvFeatureConfig
                0x08002010       0xa8 ./Drivers/STM32L4xx_HAL_Driver/Src/stm32l4xx_hal_uart.o
                0x08002010                UART_AdvFeatureConfig
 .text.UART_WaitOnFlagUntilTimeout
                0x080020b8       0x90 ./Drivers/STM32L4xx_HAL_Driver/Src/stm32l4xx_hal_uart.o
                0x080020b8                UART_WaitOnFlagUntilTimeout
 .text.UART_CheckIdleState
                0x08002148       0xb2 ./Drivers/STM32L4xx_HAL_Driver/Src/stm32l4xx_hal_uart.o
                0x08002148                UART_CheckIdleState
 .text.HAL_UART_Init
                0x080021fa       0x5c ./Drivers/STM32L4xx_HAL_Driver/Src/stm32l4xx_hal_uart.o
                0x080021fa                HAL_UART_Init
 *fill*         0x08002256        0x2 
 .text.MX_FATFS_Init
                0x08002258       0x1c ./FATFS/App/fatfs.o
                0x08002258                MX_FATFS_Init
 .text.get_fattime
                0x08002274        0x4 ./FATFS/App/fatfs.o
                0x08002274                get_fattime
 .text.USER_initialize
                0x08002278        0x4 ./FATFS/Target/user_diskio.o
                0x08002278                USER_initialize
 .text.USER_status
                0x0800227c        0x4 ./FATFS/Target/user_diskio.o
                0x0800227c                USER_status
 .text.USER_read
                0x08002280        0x4 ./FATFS/Target/user_diskio.o
                0x08002280                USER_read
 .text.USER_write
                0x08002284        0x4 ./FATFS/Target/user_diskio.o
                0x08002284                USER_write
 .text.USER_ioctl
                0x08002288        0x4 ./FATFS/Target/user_diskio.o
                0x08002288                USER_ioctl
 .text.xchg_spi
                0x0800228c       0x28 ./FATFS/Target/user_diskio_spi.o
 .text.wait_ready
                0x080022b4       0x2a ./FATFS/Target/user_diskio_spi.o
 *fill*         0x080022de        0x2 
 .text.despiselect
                0x080022e0       0x1c ./FATFS/Target/user_diskio_spi.o
 .text.spiselect
                0x080022fc       0x30 ./FATFS/Target/user_diskio_spi.o
 .text.send_cmd
                0x0800232c       0x84 ./FATFS/Target/user_diskio_spi.o
 .text.xmit_datablock
                0x080023b0       0x50 ./FATFS/Target/user_diskio_spi.o
 .text.SPI_Timer_On
                0x08002400       0x1c ./FATFS/Target/user_diskio_spi.o
                0x08002400                SPI_Timer_On
 .text.SPI_Timer_Status
                0x0800241c       0x24 ./FATFS/Target/user_diskio_spi.o
                0x0800241c                SPI_Timer_Status
 .text.rcvr_datablock
                0x08002440       0x46 ./FATFS/Target/user_diskio_spi.o
 *fill*         0x08002486        0x2 
 .text.USER_SPI_initialize
                0x08002488      0x14c ./FATFS/Target/user_diskio_spi.o
                0x08002488                USER_SPI_initialize
 .text.USER_SPI_status
                0x080025d4       0x14 ./FATFS/Target/user_diskio_spi.o
                0x080025d4                USER_SPI_status
 .text.USER_SPI_read
                0x080025e8       0x80 ./FATFS/Target/user_diskio_spi.o
                0x080025e8                USER_SPI_read
 .text.USER_SPI_write
                0x08002668       0xa0 ./FATFS/Target/user_diskio_spi.o
                0x08002668                USER_SPI_write
 .text.USER_SPI_ioctl
                0x08002708      0x1d0 ./FATFS/Target/user_diskio_spi.o
                0x08002708                USER_SPI_ioctl
 .text.disk_status
                0x080028d8       0x14 ./Middlewares/Third_Party/FatFs/src/diskio.o
                0x080028d8                disk_status
 .text.disk_initialize
                0x080028ec       0x20 ./Middlewares/Third_Party/FatFs/src/diskio.o
                0x080028ec                disk_initialize
 .text.disk_read
                0x0800290c       0x1c ./Middlewares/Third_Party/FatFs/src/diskio.o
                0x0800290c                disk_read
 .text.disk_write
                0x08002928       0x1c ./Middlewares/Third_Party/FatFs/src/diskio.o
                0x08002928                disk_write
 .text.disk_ioctl
                0x08002944       0x1c ./Middlewares/Third_Party/FatFs/src/diskio.o
                0x08002944                disk_ioctl
 .text.ld_dword
                0x08002960        0x4 ./Middlewares/Third_Party/FatFs/src/ff.o
 .text.st_dword
                0x08002964       0x10 ./Middlewares/Third_Party/FatFs/src/ff.o
 .text.mem_set  0x08002974        0xc ./Middlewares/Third_Party/FatFs/src/ff.o
 .text.chk_lock
                0x08002980       0x74 ./Middlewares/Third_Party/FatFs/src/ff.o
 .text.inc_lock
                0x080029f4       0x84 ./Middlewares/Third_Party/FatFs/src/ff.o
 .text.dec_lock
                0x08002a78       0x3c ./Middlewares/Third_Party/FatFs/src/ff.o
 .text.clear_lock
                0x08002ab4       0x1c ./Middlewares/Third_Party/FatFs/src/ff.o
 .text.clust2sect
                0x08002ad0       0x16 ./Middlewares/Third_Party/FatFs/src/ff.o
 .text.clmt_clust
                0x08002ae6       0x22 ./Middlewares/Third_Party/FatFs/src/ff.o
 .text.get_ldnumber
                0x08002b08       0x30 ./Middlewares/Third_Party/FatFs/src/ff.o
 .text.validate
                0x08002b38       0x34 ./Middlewares/Third_Party/FatFs/src/ff.o
 .text.sync_window
                0x08002b6c       0x4a ./Middlewares/Third_Party/FatFs/src/ff.o
 .text.mem_cpy.part.0
                0x08002bb6       0x12 ./Middlewares/Third_Party/FatFs/src/ff.o
 .text.st_clust
                0x08002bc8       0x18 ./Middlewares/Third_Party/FatFs/src/ff.o
 .text.move_window
                0x08002be0       0x32 ./Middlewares/Third_Party/FatFs/src/ff.o
 *fill*         0x08002c12        0x2 
 .text.check_fs
                0x08002c14       0x78 ./Middlewares/Third_Party/FatFs/src/ff.o
 .text.find_volume
                0x08002c8c      0x24c ./Middlewares/Third_Party/FatFs/src/ff.o
 .text.put_fat  0x08002ed8       0xf0 ./Middlewares/Third_Party/FatFs/src/ff.o
 .text.sync_fs  0x08002fc8       0x96 ./Middlewares/Third_Party/FatFs/src/ff.o
 .text.ld_clust.isra.0
                0x0800305e       0x10 ./Middlewares/Third_Party/FatFs/src/ff.o
 .text.get_fat.isra.0
                0x0800306e       0xac ./Middlewares/Third_Party/FatFs/src/ff.o
 .text.dir_sdi.constprop.0
                0x0800311a       0x60 ./Middlewares/Third_Party/FatFs/src/ff.o
 .text.remove_chain
                0x0800317a       0x6e ./Middlewares/Third_Party/FatFs/src/ff.o
 .text.create_chain
                0x080031e8       0xb0 ./Middlewares/Third_Party/FatFs/src/ff.o
 .text.dir_next
                0x08003298       0xec ./Middlewares/Third_Party/FatFs/src/ff.o
 .text.follow_path
                0x08003384      0x184 ./Middlewares/Third_Party/FatFs/src/ff.o
 .text.dir_register
                0x08003508       0x62 ./Middlewares/Third_Party/FatFs/src/ff.o
 *fill*         0x0800356a        0x2 
 .text.f_mount  0x0800356c       0x54 ./Middlewares/Third_Party/FatFs/src/ff.o
                0x0800356c                f_mount
 .text.f_open   0x080035c0      0x1fc ./Middlewares/Third_Party/FatFs/src/ff.o
                0x080035c0                f_open
 .text.f_write  0x080037bc      0x196 ./Middlewares/Third_Party/FatFs/src/ff.o
                0x080037bc                f_write
 .text.f_sync   0x08003952       0x96 ./Middlewares/Third_Party/FatFs/src/ff.o
                0x08003952                f_sync
 .text.f_close  0x080039e8       0x22 ./Middlewares/Third_Party/FatFs/src/ff.o
                0x080039e8                f_close
 *fill*         0x08003a0a        0x2 
 .text.FATFS_LinkDriverEx
                0x08003a0c       0x40 ./Middlewares/Third_Party/FatFs/src/ff_gen_drv.o
                0x08003a0c                FATFS_LinkDriverEx
 .text.FATFS_LinkDriver
                0x08003a4c        0x6 ./Middlewares/Third_Party/FatFs/src/ff_gen_drv.o
                0x08003a4c                FATFS_LinkDriver
 .text.memset   0x08003a52       0x10 /Applications/STM32CubeIDE.app/Contents/Eclipse/plugins/com.st.stm32cube.ide.mcu.externaltools.gnu-tools-for-stm32.12.3.rel1.macos64_1.1.0.202410301201/tools/bin/../lib/gcc/arm-none-eabi/12.3.1/../../../../arm-none-eabi/lib/thumb/v7e-m+fp/hard/libc_nano.a(libc_a-memset.o)
                0x08003a52                memset
 *fill*         0x08003a62        0x2 
 .text.__libc_init_array
                0x08003a64       0x48 /Applications/STM32CubeIDE.app/Contents/Eclipse/plugins/com.st.stm32cube.ide.mcu.externaltools.gnu-tools-for-stm32.12.3.rel1.macos64_1.1.0.202410301201/tools/bin/../lib/gcc/arm-none-eabi/12.3.1/../../../../arm-none-eabi/lib/thumb/v7e-m+fp/hard/libc_nano.a(libc_a-init.o)
                0x08003a64                __libc_init_array
 *(.glue_7)
 .glue_7        0x08003aac        0x0 linker stubs
 *(.glue_7t)
 .glue_7t       0x08003aac        0x0 linker stubs
 *(.eh_frame)
 .eh_frame      0x08003aac        0x0 /Applications/STM32CubeIDE.app/Contents/Eclipse/plugins/com.st.stm32cube.ide.mcu.externaltools.gnu-tools-for-stm32.12.3.rel1.macos64_1.1.0.202410301201/tools/bin/../lib/gcc/arm-none-eabi/12.3.1/thumb/v7e-m+fp/hard/crtbegin.o
 *(.init)
 .init          0x08003aac        0x4 /Applications/STM32CubeIDE.app/Contents/Eclipse/plugins/com.st.stm32cube.ide.mcu.externaltools.gnu-tools-for-stm32.12.3.rel1.macos64_1.1.0.202410301201/tools/bin/../lib/gcc/arm-none-eabi/12.3.1/thumb/v7e-m+fp/hard/crti.o
                0x08003aac                _init
 .init          0x08003ab0        0x8 /Applications/STM32CubeIDE.app/Contents/Eclipse/plugins/com.st.stm32cube.ide.mcu.externaltools.gnu-tools-for-stm32.12.3.rel1.macos64_1.1.0.202410301201/tools/bin/../lib/gcc/arm-none-eabi/12.3.1/thumb/v7e-m+fp/hard/crtn.o
 *(.fini)
 .fini          0x08003ab8        0x4 /Applications/STM32CubeIDE.app/Contents/Eclipse/plugins/com.st.stm32cube.ide.mcu.externaltools.gnu-tools-for-stm32.12.3.rel1.macos64_1.1.0.202410301201/tools/bin/../lib/gcc/arm-none-eabi/12.3.1/thumb/v7e-m+fp/hard/crti.o
                0x08003ab8                _fini
 .fini          0x08003abc        0x8 /Applications/STM32CubeIDE.app/Contents/Eclipse/plugins/com.st.stm32cube.ide.mcu.externaltools.gnu-tools-for-stm32.12.3.rel1.macos64_1.1.0.202410301201/tools/bin/../lib/gcc/arm-none-eabi/12.3.1/thumb/v7e-m+fp/hard/crtn.o
                0x08003ac4                        . = ALIGN (0x4)
                0x08003ac4                        _etext = .

.vfp11_veneer   0x08003ac4        0x0
 .vfp11_veneer  0x08003ac4        0x0 linker stubs

.v4_bx          0x08003ac4        0x0
 .v4_bx         0x08003ac4        0x0 linker stubs

.iplt           0x08003ac4        0x0
 .iplt          0x08003ac4        0x0 /Applications/STM32CubeIDE.app/Contents/Eclipse/plugins/com.st.stm32cube.ide.mcu.externaltools.gnu-tools-for-stm32.12.3.rel1.macos64_1.1.0.202410301201/tools/bin/../lib/gcc/arm-none-eabi/12.3.1/thumb/v7e-m+fp/hard/crtbegin.o

.rodata         0x08003ac4       0xfc
                0x08003ac4                        . = ALIGN (0x4)
 *(.rodata)
 *(.rodata*)
 .rodata.main.str1.1
                0x08003ac4       0x23 ./Core/Src/main.o
                                 0x24 (size before relaxing)
 *fill*         0x08003ae7        0x1 
 .rodata.MSIRangeTable
                0x08003ae8       0x30 ./Core/Src/system_stm32l4xx.o
                0x08003ae8                MSIRangeTable
 .rodata.APBPrescTable
                0x08003b18        0x8 ./Core/Src/system_stm32l4xx.o
                0x08003b18                APBPrescTable
 .rodata.AHBPrescTable
                0x08003b20       0x10 ./Core/Src/system_stm32l4xx.o
                0x08003b20                AHBPrescTable
 .rodata.follow_path.str1.1
                0x08003b30        0xf ./Middlewares/Third_Party/FatFs/src/ff.o
 .rodata.ExCvt  0x08003b3f       0x80 ./Middlewares/Third_Party/FatFs/src/ff.o
                0x08003bc0                        . = ALIGN (0x4)
 *fill*         0x08003bbf        0x1 

.ARM.extab      0x08003bc0        0x0
                0x08003bc0                        . = ALIGN (0x4)
 *(.ARM.extab* .gnu.linkonce.armextab.*)
                0x08003bc0                        . = ALIGN (0x4)

.ARM            0x08003bc0        0x8
                0x08003bc0                        . = ALIGN (0x4)
                0x08003bc0                        __exidx_start = .
 *(.ARM.exidx*)
 .ARM.exidx     0x08003bc0        0x8 /Applications/STM32CubeIDE.app/Contents/Eclipse/plugins/com.st.stm32cube.ide.mcu.externaltools.gnu-tools-for-stm32.12.3.rel1.macos64_1.1.0.202410301201/tools/bin/../lib/gcc/arm-none-eabi/12.3.1/thumb/v7e-m+fp/hard/libgcc.a(_udivmoddi4.o)
                0x08003bc8                        __exidx_end = .
                0x08003bc8                        . = ALIGN (0x4)

.preinit_array  0x08003bc8        0x0
                0x08003bc8                        . = ALIGN (0x4)
                0x08003bc8                        PROVIDE (__preinit_array_start = .)
 *(.preinit_array*)
                0x08003bc8                        PROVIDE (__preinit_array_end = .)
                0x08003bc8                        . = ALIGN (0x4)

.init_array     0x08003bc8        0x4
                0x08003bc8                        . = ALIGN (0x4)
                0x08003bc8                        PROVIDE (__init_array_start = .)
 *(SORT_BY_NAME(.init_array.*))
 *(.init_array*)
 .init_array    0x08003bc8        0x4 /Applications/STM32CubeIDE.app/Contents/Eclipse/plugins/com.st.stm32cube.ide.mcu.externaltools.gnu-tools-for-stm32.12.3.rel1.macos64_1.1.0.202410301201/tools/bin/../lib/gcc/arm-none-eabi/12.3.1/thumb/v7e-m+fp/hard/crtbegin.o
                0x08003bcc                        PROVIDE (__init_array_end = .)
                0x08003bcc                        . = ALIGN (0x4)

.fini_array     0x08003bcc        0x4
                0x08003bcc                        . = ALIGN (0x4)
                [!provide]                        PROVIDE (__fini_array_start = .)
 *(SORT_BY_NAME(.fini_array.*))
 *(.fini_array*)
 .fini_array    0x08003bcc        0x4 /Applications/STM32CubeIDE.app/Contents/Eclipse/plugins/com.st.stm32cube.ide.mcu.externaltools.gnu-tools-for-stm32.12.3.rel1.macos64_1.1.0.202410301201/tools/bin/../lib/gcc/arm-none-eabi/12.3.1/thumb/v7e-m+fp/hard/crtbegin.o
                [!provide]                        PROVIDE (__fini_array_end = .)
                0x08003bd0                        . = ALIGN (0x4)
                0x08003bd0                        _sidata = LOADADDR (.data)

.rel.dyn        0x08003bd0        0x0
 .rel.iplt      0x08003bd0        0x0 /Applications/STM32CubeIDE.app/Contents/Eclipse/plugins/com.st.stm32cube.ide.mcu.externaltools.gnu-tools-for-stm32.12.3.rel1.macos64_1.1.0.202410301201/tools/bin/../lib/gcc/arm-none-eabi/12.3.1/thumb/v7e-m+fp/hard/crtbegin.o

.data           0x20000000       0x24 load address 0x08003bd0
                0x20000000                        . = ALIGN (0x4)
                0x20000000                        _sdata = .
 *(.data)
 *(.data*)
 .data.SystemCoreClock
                0x20000000        0x4 ./Core/Src/system_stm32l4xx.o
                0x20000000                SystemCoreClock
 .data.uwTickFreq
                0x20000004        0x1 ./Drivers/STM32L4xx_HAL_Driver/Src/stm32l4xx_hal.o
                0x20000004                uwTickFreq
 *fill*         0x20000005        0x3 
 .data.uwTickPrio
                0x20000008        0x4 ./Drivers/STM32L4xx_HAL_Driver/Src/stm32l4xx_hal.o
                0x20000008                uwTickPrio
 .data.USER_Driver
                0x2000000c       0x14 ./FATFS/Target/user_diskio.o
                0x2000000c                USER_Driver
 .data.Stat     0x20000020        0x1 ./FATFS/Target/user_diskio_spi.o
 *(.RamFunc)
 *(.RamFunc*)
                0x20000024                        . = ALIGN (0x4)
 *fill*         0x20000021        0x3 
                0x20000024                        _edata = .

.igot.plt       0x20000024        0x0 load address 0x08003bf4
 .igot.plt      0x20000024        0x0 /Applications/STM32CubeIDE.app/Contents/Eclipse/plugins/com.st.stm32cube.ide.mcu.externaltools.gnu-tools-for-stm32.12.3.rel1.macos64_1.1.0.202410301201/tools/bin/../lib/gcc/arm-none-eabi/12.3.1/thumb/v7e-m+fp/hard/crtbegin.o
                0x20000024                        . = ALIGN (0x4)

.bss            0x20000024      0x154 load address 0x08003bf4
                0x20000024                        _sbss = .
                0x20000024                        __bss_start__ = _sbss
 *(.bss)
 .bss           0x20000024       0x1c /Applications/STM32CubeIDE.app/Contents/Eclipse/plugins/com.st.stm32cube.ide.mcu.externaltools.gnu-tools-for-stm32.12.3.rel1.macos64_1.1.0.202410301201/tools/bin/../lib/gcc/arm-none-eabi/12.3.1/thumb/v7e-m+fp/hard/crtbegin.o
 *(.bss*)
 .bss.huart2    0x20000040       0x88 ./Core/Src/main.o
                0x20000040                huart2
 .bss.hspi1     0x200000c8       0x64 ./Core/Src/main.o
                0x200000c8                hspi1
 .bss.uwTick    0x2000012c        0x4 ./Drivers/STM32L4xx_HAL_Driver/Src/stm32l4xx_hal.o
                0x2000012c                uwTick
 .bss.USERPath  0x20000130        0x4 ./FATFS/App/fatfs.o
                0x20000130                USERPath
 .bss.retUSER   0x20000134        0x1 ./FATFS/App/fatfs.o
                0x20000134                retUSER
 *fill*         0x20000135        0x3 
 .bss.spiTimerTickDelay
                0x20000138        0x4 ./FATFS/Target/user_diskio_spi.o
                0x20000138                spiTimerTickDelay
 .bss.spiTimerTickStart
                0x2000013c        0x4 ./FATFS/Target/user_diskio_spi.o
                0x2000013c                spiTimerTickStart
 .bss.CardType  0x20000140        0x1 ./FATFS/Target/user_diskio_spi.o
 *fill*         0x20000141        0x3 
 .bss.Files     0x20000144       0x20 ./Middlewares/Third_Party/FatFs/src/ff.o
 .bss.Fsid      0x20000164        0x2 ./Middlewares/Third_Party/FatFs/src/ff.o
 *fill*         0x20000166        0x2 
 .bss.FatFs     0x20000168        0x4 ./Middlewares/Third_Party/FatFs/src/ff.o
 .bss.disk      0x2000016c        0xc ./Middlewares/Third_Party/FatFs/src/ff_gen_drv.o
                0x2000016c                disk
 *(COMMON)
                0x20000178                        . = ALIGN (0x4)
                0x20000178                        _ebss = .
                0x20000178                        __bss_end__ = _ebss

._user_heap_stack
                0x20000178      0x600 load address 0x08003bf4
                0x20000178                        . = ALIGN (0x8)
                [!provide]                        PROVIDE (end = .)
                0x20000178                        PROVIDE (_end = .)
                0x20000378                        . = (. + _Min_Heap_Size)
 *fill*         0x20000178      0x200 
                0x20000778                        . = (. + _Min_Stack_Size)
 *fill*         0x20000378      0x400 
                0x20000778                        . = ALIGN (0x8)

/DISCARD/
 libc.a(*)
 libm.a(*)
 libgcc.a(*)

.ARM.attributes
                0x00000000       0x30
 *(.ARM.attributes)
 .ARM.attributes
                0x00000000       0x22 /Applications/STM32CubeIDE.app/Contents/Eclipse/plugins/com.st.stm32cube.ide.mcu.externaltools.gnu-tools-for-stm32.12.3.rel1.macos64_1.1.0.202410301201/tools/bin/../lib/gcc/arm-none-eabi/12.3.1/thumb/v7e-m+fp/hard/crti.o
 .ARM.attributes
                0x00000022       0x34 /Applications/STM32CubeIDE.app/Contents/Eclipse/plugins/com.st.stm32cube.ide.mcu.externaltools.gnu-tools-for-stm32.12.3.rel1.macos64_1.1.0.202410301201/tools/bin/../lib/gcc/arm-none-eabi/12.3.1/thumb/v7e-m+fp/hard/crtbegin.o
 .ARM.attributes
                0x00000056       0x34 ./Core/Src/main.o
 .ARM.attributes
                0x0000008a       0x34 ./Core/Src/stm32l4xx_hal_msp.o
 .ARM.attributes
                0x000000be       0x34 ./Core/Src/stm32l4xx_it.o
 .ARM.attributes
                0x000000f2       0x34 ./Core/Src/system_stm32l4xx.o
 .ARM.attributes
                0x00000126       0x21 ./Core/Startup/startup_stm32l432kcux.o
 .ARM.attributes
                0x00000147       0x34 ./Drivers/STM32L4xx_HAL_Driver/Src/stm32l4xx_hal.o
 .ARM.attributes
                0x0000017b       0x34 ./Drivers/STM32L4xx_HAL_Driver/Src/stm32l4xx_hal_cortex.o
 .ARM.attributes
                0x000001af       0x34 ./Drivers/STM32L4xx_HAL_Driver/Src/stm32l4xx_hal_gpio.o
 .ARM.attributes
                0x000001e3       0x34 ./Drivers/STM32L4xx_HAL_Driver/Src/stm32l4xx_hal_pwr.o
 .ARM.attributes
                0x00000217       0x34 ./Drivers/STM32L4xx_HAL_Driver/Src/stm32l4xx_hal_pwr_ex.o
 .ARM.attributes
                0x0000024b       0x34 ./Drivers/STM32L4xx_HAL_Driver/Src/stm32l4xx_hal_rcc.o
 .ARM.attributes
                0x0000027f       0x34 ./Drivers/STM32L4xx_HAL_Driver/Src/stm32l4xx_hal_rcc_ex.o
 .ARM.attributes
                0x000002b3       0x34 ./Drivers/STM32L4xx_HAL_Driver/Src/stm32l4xx_hal_spi.o
 .ARM.attributes
                0x000002e7       0x34 ./Drivers/STM32L4xx_HAL_Driver/Src/stm32l4xx_hal_uart.o
 .ARM.attributes
                0x0000031b       0x34 ./FATFS/App/fatfs.o
 .ARM.attributes
                0x0000034f       0x34 ./FATFS/Target/user_diskio.o
 .ARM.attributes
                0x00000383       0x34 ./FATFS/Target/user_diskio_spi.o
 .ARM.attributes
                0x000003b7       0x34 ./Middlewares/Third_Party/FatFs/src/diskio.o
 .ARM.attributes
                0x000003eb       0x34 ./Middlewares/Third_Party/FatFs/src/ff.o
 .ARM.attributes
                0x0000041f       0x34 ./Middlewares/Third_Party/FatFs/src/ff_gen_drv.o
 .ARM.attributes
                0x00000453       0x34 /Applications/STM32CubeIDE.app/Contents/Eclipse/plugins/com.st.stm32cube.ide.mcu.externaltools.gnu-tools-for-stm32.12.3.rel1.macos64_1.1.0.202410301201/tools/bin/../lib/gcc/arm-none-eabi/12.3.1/../../../../arm-none-eabi/lib/thumb/v7e-m+fp/hard/libc_nano.a(libc_a-memset.o)
 .ARM.attributes
                0x00000487       0x34 /Applications/STM32CubeIDE.app/Contents/Eclipse/plugins/com.st.stm32cube.ide.mcu.externaltools.gnu-tools-for-stm32.12.3.rel1.macos64_1.1.0.202410301201/tools/bin/../lib/gcc/arm-none-eabi/12.3.1/../../../../arm-none-eabi/lib/thumb/v7e-m+fp/hard/libc_nano.a(libc_a-init.o)
 .ARM.attributes
                0x000004bb       0x22 /Applications/STM32CubeIDE.app/Contents/Eclipse/plugins/com.st.stm32cube.ide.mcu.externaltools.gnu-tools-for-stm32.12.3.rel1.macos64_1.1.0.202410301201/tools/bin/../lib/gcc/arm-none-eabi/12.3.1/thumb/v7e-m+fp/hard/libgcc.a(_aeabi_uldivmod.o)
 .ARM.attributes
                0x000004dd       0x34 /Applications/STM32CubeIDE.app/Contents/Eclipse/plugins/com.st.stm32cube.ide.mcu.externaltools.gnu-tools-for-stm32.12.3.rel1.macos64_1.1.0.202410301201/tools/bin/../lib/gcc/arm-none-eabi/12.3.1/thumb/v7e-m+fp/hard/libgcc.a(_udivmoddi4.o)
 .ARM.attributes
                0x00000511       0x22 /Applications/STM32CubeIDE.app/Contents/Eclipse/plugins/com.st.stm32cube.ide.mcu.externaltools.gnu-tools-for-stm32.12.3.rel1.macos64_1.1.0.202410301201/tools/bin/../lib/gcc/arm-none-eabi/12.3.1/thumb/v7e-m+fp/hard/libgcc.a(_dvmd_tls.o)
 .ARM.attributes
                0x00000533       0x22 /Applications/STM32CubeIDE.app/Contents/Eclipse/plugins/com.st.stm32cube.ide.mcu.externaltools.gnu-tools-for-stm32.12.3.rel1.macos64_1.1.0.202410301201/tools/bin/../lib/gcc/arm-none-eabi/12.3.1/thumb/v7e-m+fp/hard/crtn.o
OUTPUT(sdtest.elf elf32-littlearm)
LOAD linker stubs
LOAD /Applications/STM32CubeIDE.app/Contents/Eclipse/plugins/com.st.stm32cube.ide.mcu.externaltools.gnu-tools-for-stm32.12.3.rel1.macos64_1.1.0.202410301201/tools/bin/../lib/gcc/arm-none-eabi/12.3.1/../../../../arm-none-eabi/lib/thumb/v7e-m+fp/hard/libc.a
LOAD /Applications/STM32CubeIDE.app/Contents/Eclipse/plugins/com.st.stm32cube.ide.mcu.externaltools.gnu-tools-for-stm32.12.3.rel1.macos64_1.1.0.202410301201/tools/bin/../lib/gcc/arm-none-eabi/12.3.1/../../../../arm-none-eabi/lib/thumb/v7e-m+fp/hard/libm.a
LOAD /Applications/STM32CubeIDE.app/Contents/Eclipse/plugins/com.st.stm32cube.ide.mcu.externaltools.gnu-tools-for-stm32.12.3.rel1.macos64_1.1.0.202410301201/tools/bin/../lib/gcc/arm-none-eabi/12.3.1/thumb/v7e-m+fp/hard/libgcc.a

.comment        0x00000000       0x43
 .comment       0x00000000       0x43 ./Core/Src/main.o
                                 0x44 (size before relaxing)
 .comment       0x00000043       0x44 ./Core/Src/stm32l4xx_hal_msp.o
 .comment       0x00000043       0x44 ./Core/Src/stm32l4xx_it.o
 .comment       0x00000043       0x44 ./Core/Src/system_stm32l4xx.o
 .comment       0x00000043       0x44 ./Drivers/STM32L4xx_HAL_Driver/Src/stm32l4xx_hal.o
 .comment       0x00000043       0x44 ./Drivers/STM32L4xx_HAL_Driver/Src/stm32l4xx_hal_cortex.o
 .comment       0x00000043       0x44 ./Drivers/STM32L4xx_HAL_Driver/Src/stm32l4xx_hal_gpio.o
 .comment       0x00000043       0x44 ./Drivers/STM32L4xx_HAL_Driver/Src/stm32l4xx_hal_pwr.o
 .comment       0x00000043       0x44 ./Drivers/STM32L4xx_HAL_Driver/Src/stm32l4xx_hal_pwr_ex.o
 .comment       0x00000043       0x44 ./Drivers/STM32L4xx_HAL_Driver/Src/stm32l4xx_hal_rcc.o
 .comment       0x00000043       0x44 ./Drivers/STM32L4xx_HAL_Driver/Src/stm32l4xx_hal_rcc_ex.o
 .comment       0x00000043       0x44 ./Drivers/STM32L4xx_HAL_Driver/Src/stm32l4xx_hal_spi.o
 .comment       0x00000043       0x44 ./Drivers/STM32L4xx_HAL_Driver/Src/stm32l4xx_hal_uart.o
 .comment       0x00000043       0x44 ./FATFS/App/fatfs.o
 .comment       0x00000043       0x44 ./FATFS/Target/user_diskio.o
 .comment       0x00000043       0x44 ./FATFS/Target/user_diskio_spi.o
 .comment       0x00000043       0x44 ./Middlewares/Third_Party/FatFs/src/diskio.o
 .comment       0x00000043       0x44 ./Middlewares/Third_Party/FatFs/src/ff.o
 .comment       0x00000043       0x44 ./Middlewares/Third_Party/FatFs/src/ff_gen_drv.o

.debug_frame    0x00000000       0xac
 .debug_frame   0x00000000       0x20 /Applications/STM32CubeIDE.app/Contents/Eclipse/plugins/com.st.stm32cube.ide.mcu.externaltools.gnu-tools-for-stm32.12.3.rel1.macos64_1.1.0.202410301201/tools/bin/../lib/gcc/arm-none-eabi/12.3.1/../../../../arm-none-eabi/lib/thumb/v7e-m+fp/hard/libc_nano.a(libc_a-memset.o)
 .debug_frame   0x00000020       0x2c /Applications/STM32CubeIDE.app/Contents/Eclipse/plugins/com.st.stm32cube.ide.mcu.externaltools.gnu-tools-for-stm32.12.3.rel1.macos64_1.1.0.202410301201/tools/bin/../lib/gcc/arm-none-eabi/12.3.1/../../../../arm-none-eabi/lib/thumb/v7e-m+fp/hard/libc_nano.a(libc_a-init.o)
 .debug_frame   0x0000004c       0x2c /Applications/STM32CubeIDE.app/Contents/Eclipse/plugins/com.st.stm32cube.ide.mcu.externaltools.gnu-tools-for-stm32.12.3.rel1.macos64_1.1.0.202410301201/tools/bin/../lib/gcc/arm-none-eabi/12.3.1/thumb/v7e-m+fp/hard/libgcc.a(_aeabi_uldivmod.o)
 .debug_frame   0x00000078       0x34 /Applications/STM32CubeIDE.app/Contents/Eclipse/plugins/com.st.stm32cube.ide.mcu.externaltools.gnu-tools-for-stm32.12.3.rel1.macos64_1.1.0.202410301201/tools/bin/../lib/gcc/arm-none-eabi/12.3.1/thumb/v7e-m+fp/hard/libgcc.a(_udivmoddi4.o)
